 main

 Timestamp is 64b2841f (Sat Jul 15 13:33:51 2023)

 Preferred load address is 0000000140000000

 Start         Length     Name                   Class
 0001:00000000 000100f0H .text$mn                CODE
 0001:000100f0 00000040H .text$mn$00             CODE
 0001:00010130 00000440H .text$x                 CODE
 0002:00000000 000002c8H .idata$5                DATA
 0002:000002c8 00000038H .00cfg                  DATA
 0002:00000300 00000008H .CRT$XCA                DATA
 0002:00000308 00000008H .CRT$XCAA               DATA
 0002:00000310 00000008H .CRT$XCZ                DATA
 0002:00000318 00000008H .CRT$XIA                DATA
 0002:00000320 00000008H .CRT$XIAA               DATA
 0002:00000328 00000008H .CRT$XIAC               DATA
 0002:00000330 00000020H .CRT$XIC                DATA
 0002:00000350 00000008H .CRT$XIZ                DATA
 0002:00000358 00000008H .CRT$XPA                DATA
 0002:00000360 00000010H .CRT$XPX                DATA
 0002:00000370 00000008H .CRT$XPXA               DATA
 0002:00000378 00000008H .CRT$XPZ                DATA
 0002:00000380 00000008H .CRT$XTA                DATA
 0002:00000388 00000008H .CRT$XTZ                DATA
 0002:00000390 00000000H .gehcont$y              DATA
 0002:00000390 00000000H .gfids$y                DATA
 0002:00000390 000079f0H .rdata                  DATA
 0002:00007d80 00000000H .rdata$CastGuardVftablesA DATA
 0002:00007d80 00000000H .rdata$CastGuardVftablesC DATA
 0002:00007d80 0000016cH .rdata$r                DATA
 0002:00007eec 00000270H .rdata$voltmd           DATA
 0002:0000815c 00000344H .rdata$zzzdbg           DATA
 0002:000084a0 00000008H .rtc$IAA                DATA
 0002:000084a8 00000008H .rtc$IZZ                DATA
 0002:000084b0 00000008H .rtc$TAA                DATA
 0002:000084b8 00000008H .rtc$TZZ                DATA
 0002:000084c0 00000e58H .xdata                  DATA
 0002:00009318 00000084H .xdata$x                DATA
 0002:0000939c 00000000H .edata                  DATA
 0002:0000939c 0000003cH .idata$2                DATA
 0002:000093d8 00000018H .idata$3                DATA
 0002:000093f0 000002c8H .idata$4                DATA
 0002:000096b8 0000063aH .idata$6                DATA
 0003:00000000 00000a50H .data                   DATA
 0003:00000a50 00000050H .data$r                 DATA
 0003:00000aa0 00000020H .data$rs                DATA
 0003:00000ac0 000012a8H .bss                    DATA
 0004:00000000 000010bcH .pdata                  DATA
 0005:00000000 0000015cH _RDATA                  DATA

  Address         Publics by Value              Rva+Base               Lib:Object

 0000:00000000       __AbsoluteZero             0000000000000000     <absolute>
 0000:00000000       ___safe_se_handler_count   0000000000000000     <absolute>
 0000:00000000       ___safe_se_handler_table   0000000000000000     <absolute>
 0000:00000000       __arm64x_extra_rfe_table   0000000000000000     <absolute>
 0000:00000000       __arm64x_extra_rfe_table_size 0000000000000000     <absolute>
 0000:00000000       __arm64x_native_entrypoint 0000000000000000     <absolute>
 0000:00000000       __arm64x_redirection_metadata 0000000000000000     <absolute>
 0000:00000000       __arm64x_redirection_metadata_count 0000000000000000     <absolute>
 0000:00000000       __dynamic_value_reloc_table 0000000000000000     <absolute>
 0000:00000000       __enclave_config           0000000000000000     <absolute>
 0000:00000000       __guard_check_icall_a64n_fptr 0000000000000000     <absolute>
 0000:00000000       __guard_eh_cont_count      0000000000000000     <absolute>
 0000:00000000       __guard_eh_cont_table      0000000000000000     <absolute>
 0000:00000000       __guard_fids_count         0000000000000000     <absolute>
 0000:00000000       __guard_fids_table         0000000000000000     <absolute>
 0000:00000000       __guard_iat_count          0000000000000000     <absolute>
 0000:00000000       __guard_iat_table          0000000000000000     <absolute>
 0000:00000000       __guard_longjmp_count      0000000000000000     <absolute>
 0000:00000000       __guard_longjmp_table      0000000000000000     <absolute>
 0000:00000000       __hybrid_auxiliary_delayload_iat 0000000000000000     <absolute>
 0000:00000000       __hybrid_auxiliary_delayload_iat_copy 0000000000000000     <absolute>
 0000:00000000       __hybrid_auxiliary_iat     0000000000000000     <absolute>
 0000:00000000       __hybrid_auxiliary_iat_copy 0000000000000000     <absolute>
 0000:00000000       __hybrid_code_map          0000000000000000     <absolute>
 0000:00000000       __hybrid_code_map_count    0000000000000000     <absolute>
 0000:00000000       __x64_code_ranges_to_entry_points 0000000000000000     <absolute>
 0000:00000000       __x64_code_ranges_to_entry_points_count 0000000000000000     <absolute>
 0000:00000100       __guard_flags              0000000000000100     <absolute>
 0000:00000000       __ImageBase                0000000140000000     <linker-defined>
 0001:00000000       process_key_event          0000000140001000 f   main.obj
 0001:00000080       event_queue_next           0000000140001080 f   main.obj
 0001:00000130       get_key_state              0000000140001130 f   main.obj
 0001:00000150       reset_keyboard_state       0000000140001150 f   main.obj
 0001:000001a0       vec2_normalize             00000001400011a0 f   main.obj
 0001:00000240       icross                     0000000140001240 f   main.obj
 0001:00000310       vec3_normalize             0000000140001310 f   main.obj
 0001:00000450       WinMain                    0000000140001450 f   main.obj
 0001:00000950       init_direct_sound          0000000140001950 f   main.obj
 0001:00000b70       fill_sound_buffer          0000000140001b70 f   main.obj
 0001:00000e30       render_weird_gradient      0000000140001e30 f   main.obj
 0001:00000f10       RenderTriangle             0000000140001f10 f   main.obj
 0001:00001500       ClearFramebuffer           0000000140002500 f   main.obj
 0001:00001580       CreateFramebuffer          0000000140002580 f   main.obj
 0001:00001690       copy_buffer_to_display     0000000140002690 f   main.obj
 0001:00001740       main_window_callback       0000000140002740 f   main.obj
 0001:00001920       PlatformCreateWindow       0000000140002920 f   main.obj
 0001:00001b20       platform_process_events    0000000140002b20 f   main.obj
 0001:00001e00       vec3i_make                 0000000140002e00 f i main.obj
 0001:00001e6c       __GSHandlerCheck           0000000140002e6c f   LIBCMT:gshandler.obj
 0001:00001e8c       __GSHandlerCheckCommon     0000000140002e8c f   LIBCMT:gshandler.obj
 0001:00001f00       __security_check_cookie    0000000140002f00 f   LIBCMT:amdsecgs.obj
 0001:00002178       WinMainCRTStartup          0000000140003178 f   LIBCMT:exe_winmain.obj
 0001:0000218c       __raise_securityfailure    000000014000318c f   LIBCMT:gs_report.obj
 0001:000021c0       __report_gsfailure         00000001400031c0 f   LIBCMT:gs_report.obj
 0001:00002294       __report_rangecheckfailure 0000000140003294 f   LIBCMT:gs_report.obj
 0001:000022a8       __report_securityfailure   00000001400032a8 f   LIBCMT:gs_report.obj
 0001:00002428       __scrt_acquire_startup_lock 0000000140003428 f   LIBCMT:utility.obj
 0001:00002464       __scrt_initialize_crt      0000000140003464 f   LIBCMT:utility.obj
 0001:000024b0       __scrt_initialize_onexit_tables 00000001400034b0 f   LIBCMT:utility.obj
 0001:0000253c       __scrt_is_nonwritable_in_current_image 000000014000353c f   LIBCMT:utility.obj
 0001:000025d4       __scrt_release_startup_lock 00000001400035d4 f   LIBCMT:utility.obj
 0001:000025f8       __scrt_uninitialize_crt    00000001400035f8 f   LIBCMT:utility.obj
 0001:00002624       _onexit                    0000000140003624 f   LIBCMT:utility.obj
 0001:00002660       atexit                     0000000140003660 f   LIBCMT:utility.obj
 0001:00002678       __security_init_cookie     0000000140003678 f   LIBCMT:gs_support.obj
 0001:00002724       __scrt_exe_initialize_mta  0000000140003724 f   LIBCMT:utility_desktop.obj
 0001:00002724       __scrt_initialize_winrt    0000000140003724 f   LIBCMT:utility_desktop.obj
 0001:00002724       __scrt_stub_for_initialize_mta 0000000140003724 f   LIBCMT:utility_desktop.obj
 0001:00002724       _get_startup_commit_mode   0000000140003724 f   LIBCMT:commit_mode.obj
 0001:00002724       _get_startup_new_mode      0000000140003724 f   LIBCMT:new_mode.obj
 0001:00002724       _get_startup_thread_locale_mode 0000000140003724 f   LIBCMT:thread_locale.obj
 0001:00002724       _matherr                   0000000140003724 f   LIBCMT:matherr.obj
 0001:00002728       _get_startup_argv_mode     0000000140003728 f   LIBCMT:argv_mode.obj
 0001:00002730       _get_startup_file_mode     0000000140003730 f   LIBCMT:file_mode.obj
 0001:00002738       ?__scrt_initialize_type_info@@YAXXZ 0000000140003738 f   LIBCMT:tncleanup.obj
 0001:00002748       __acrt_uninitialize_command_line 0000000140003748 f   libucrt:argv_data.obj
 0001:00002748       _should_initialize_environment 0000000140003748 f   LIBCMT:env_mode.obj
 0001:0000274c       _guard_check_icall_nop     000000014000374c f   LIBCMT:guard_support.obj
 0001:0000274c       _initialize_denormal_control 000000014000374c f   LIBCMT:denormal_control.obj
 0001:0000274c       _initialize_invalid_parameter_handler 000000014000374c f   LIBCMT:invalid_parameter_handler.obj
 0001:00002750       __local_stdio_printf_options 0000000140003750 f i LIBCMT:default_local_stdio_options.obj
 0001:00002758       __local_stdio_scanf_options 0000000140003758 f i LIBCMT:default_local_stdio_options.obj
 0001:00002760       __scrt_initialize_default_local_stdio_options 0000000140003760 f   LIBCMT:default_local_stdio_options.obj
 0001:0000277c       __scrt_is_user_matherr_present 000000014000377c f   LIBCMT:matherr_detection.obj
 0001:00002788       __scrt_get_dyn_tls_init_callback 0000000140003788 f   LIBCMT:dyn_tls_init.obj
 0001:00002790       __scrt_get_dyn_tls_dtor_callback 0000000140003790 f   LIBCMT:dyn_tls_dtor.obj
 0001:00002798       __crt_debugger_hook        0000000140003798 f   LIBCMT:utility_desktop.obj
 0001:000027a0       __scrt_fastfail            00000001400037a0 f   LIBCMT:utility_desktop.obj
 0001:000028ec       __scrt_get_show_window_mode 00000001400038ec f   LIBCMT:utility_desktop.obj
 0001:00002928       __scrt_initialize_mta      0000000140003928 f   LIBCMT:utility_desktop.obj
 0001:00002930       __scrt_is_managed_app      0000000140003930 f   LIBCMT:utility_desktop.obj
 0001:00002984       __scrt_set_unhandled_exception_filter 0000000140003984 f   LIBCMT:utility_desktop.obj
 0001:00002994       __scrt_unhandled_exception_filter 0000000140003994 f   LIBCMT:utility_desktop.obj
 0001:000029f0       _RTC_Initialize            00000001400039f0 f   LIBCMT:initsect.obj
 0001:00002a2c       _RTC_Terminate             0000000140003a2c f   LIBCMT:initsect.obj
 0001:00002a68       __isa_available_init       0000000140003a68 f   LIBCMT:cpu_disp.obj
 0001:00002c14       __scrt_is_ucrt_dll_in_use  0000000140003c14 f   LIBCMT:ucrt_detection.obj
 0001:00002c20       __C_specific_handler       0000000140003c20 f   libvcruntime:riscchandler.obj
 0001:00002e18       __vcrt_initialize          0000000140003e18 f   libvcruntime:initialization.obj
 0001:00002e40       __vcrt_uninitialize        0000000140003e40 f   libvcruntime:initialization.obj
 0001:00002e5c       __std_type_info_compare    0000000140003e5c f   libvcruntime:std_type_info.obj
 0001:00002e84       __DestructExceptionObject  0000000140003e84 f   libvcruntime:ehhelpers.obj
 0001:00002ef4       ?_CallMemberFunction0@@YAXQEAX0@Z 0000000140003ef4 f i libvcruntime:ehhelpers.obj
 0001:00002ef8       _IsExceptionObjectToBeDestroyed 0000000140003ef8 f   libvcruntime:ehhelpers.obj
 0001:00002f28       __AdjustPointer            0000000140003f28 f   libvcruntime:ehhelpers.obj
 0001:00002f4c       __FrameUnwindFilter        0000000140003f4c f   libvcruntime:ehhelpers.obj
 0001:00002fb4       __current_exception        0000000140003fb4 f   libvcruntime:ehhelpers.obj
 0001:00002fc8       __current_exception_context 0000000140003fc8 f   libvcruntime:ehhelpers.obj
 0001:00002fdc       __std_terminate            0000000140003fdc f   libvcruntime:ehhelpers.obj
 0001:00003000       memset_repstos             0000000140004000 f   libvcruntime:memset.obj
 0001:00003020       memset                     0000000140004020 f   libvcruntime:memset.obj
 0001:000033c0       _NLG_Notify                00000001400043c0 f   libvcruntime:notify.obj
 0001:000033e0       __NLG_Dispatch2            00000001400043e0 f   libvcruntime:notify.obj
 0001:000033f0       __NLG_Return2              00000001400043f0 f   libvcruntime:notify.obj
 0001:000033f4       __except_validate_context_record 00000001400043f4 f   libvcruntime:jbcxrval.obj
 0001:0000342c       __vcrt_freefls             000000014000442c f   libvcruntime:per_thread_data.obj
 0001:0000344c       __vcrt_getptd              000000014000444c f   libvcruntime:per_thread_data.obj
 0001:00003468       __vcrt_getptd_noexit       0000000140004468 f   libvcruntime:per_thread_data.obj
 0001:00003528       __vcrt_initialize_ptd      0000000140004528 f   libvcruntime:per_thread_data.obj
 0001:00003570       __vcrt_uninitialize_ptd    0000000140004570 f   libvcruntime:per_thread_data.obj
 0001:00003594       __vcrt_initialize_locks    0000000140004594 f   libvcruntime:locks.obj
 0001:000035dc       __vcrt_uninitialize_locks  00000001400045dc f   libvcruntime:locks.obj
 0001:00003764       __vcrt_FlsAlloc            0000000140004764 f   libvcruntime:winapi_downlevel.obj
 0001:000037ac       __vcrt_FlsFree             00000001400047ac f   libvcruntime:winapi_downlevel.obj
 0001:000037f4       __vcrt_FlsGetValue         00000001400047f4 f   libvcruntime:winapi_downlevel.obj
 0001:0000383c       __vcrt_FlsSetValue         000000014000483c f   libvcruntime:winapi_downlevel.obj
 0001:00003890       __vcrt_InitializeCriticalSectionEx 0000000140004890 f   libvcruntime:winapi_downlevel.obj
 0001:000038f4       ??$_CallSETranslator@V__FrameHandler3@@@@YAHPEAUEHExceptionRecord@@PEA_KPEAU_CONTEXT@@PEAU_xDISPATCHER_CONTEXT@@PEBU_s_FuncInfo@@K1H@Z 00000001400048f4 f i libvcruntime:risctrnsctrl.obj
 0001:00003948       ?CatchTryBlock@__FrameHandler3@@SAPEBU_s_TryBlockMapEntry@@PEBU_s_FuncInfo@@H@Z 0000000140004948 f   libvcruntime:risctrnsctrl.obj
 0001:000039ac       ?ExecutionInCatch@__FrameHandler3@@SA_NPEAU_xDISPATCHER_CONTEXT@@PEBU_s_FuncInfo@@@Z 00000001400049ac f   libvcruntime:risctrnsctrl.obj
 0001:000039d8       ?FrameUnwindToEmptyState@__FrameHandler3@@SAXPEA_KPEAU_xDISPATCHER_CONTEXT@@PEBU_s_FuncInfo@@@Z 00000001400049d8 f   libvcruntime:risctrnsctrl.obj
 0001:00003a3c       ?GetEstablisherFrame@__FrameHandler3@@SAPEA_KPEA_KPEAU_xDISPATCHER_CONTEXT@@PEBU_s_FuncInfo@@0@Z 0000000140004a3c f   libvcruntime:risctrnsctrl.obj
 0001:00003b08       ?GetRangeOfTrysToCheck@__FrameHandler3@@SA?AU?$pair@Viterator@TryBlockMap@__FrameHandler3@@V123@@std@@AEAVTryBlockMap@1@HPEAU_xDISPATCHER_CONTEXT@@PEBU_s_FuncInfo@@H@Z 0000000140004b08 f   libvcruntime:risctrnsctrl.obj
 0001:00003c48       ?UnwindNestedFrames@__FrameHandler3@@SAXPEA_KPEAUEHExceptionRecord@@PEAU_CONTEXT@@0PEAXPEBU_s_FuncInfo@@HHPEBU_s_HandlerType@@PEAU_xDISPATCHER_CONTEXT@@E@Z 0000000140004c48 f   libvcruntime:risctrnsctrl.obj
 0001:00003d4c       _CreateFrameInfo           0000000140004d4c f   libvcruntime:risctrnsctrl.obj
 0001:00003d88       _FindAndUnlinkFrame        0000000140004d88 f   libvcruntime:risctrnsctrl.obj
 0001:00003ddc       _GetImageBase              0000000140004ddc f   libvcruntime:risctrnsctrl.obj
 0001:00003df0       _GetThrowImageBase         0000000140004df0 f   libvcruntime:risctrnsctrl.obj
 0001:00003e04       _SetImageBase              0000000140004e04 f   libvcruntime:risctrnsctrl.obj
 0001:00003e1c       _SetThrowImageBase         0000000140004e1c f   libvcruntime:risctrnsctrl.obj
 0001:00003e34       __CxxFrameHandler3         0000000140004e34 f   libvcruntime:risctrnsctrl.obj
 0001:00003ed0       memcpy_repmovs             0000000140004ed0 f   libvcruntime:memcpy.obj
 0001:00003ef0       memcpy                     0000000140004ef0 f   libvcruntime:memcpy.obj
 0001:00003ef0       memmove                    0000000140004ef0 f   libvcruntime:memcpy.obj
 0001:00004568       ?GetCurrentState@__FrameHandler3@@SAHPEA_KPEAU_xDISPATCHER_CONTEXT@@PEBU_s_FuncInfo@@@Z 0000000140005568 f   libvcruntime:ehstate.obj
 0001:00004590       ?GetUnwindTryBlock@__FrameHandler3@@SAHPEA_KPEAU_xDISPATCHER_CONTEXT@@PEBU_s_FuncInfo@@@Z 0000000140005590 f   libvcruntime:ehstate.obj
 0001:000045bc       ?SetState@__FrameHandler3@@SAXPEA_KPEBU_s_FuncInfo@@H@Z 00000001400055bc f   libvcruntime:ehstate.obj
 0001:000045c8       ?SetUnwindTryBlock@__FrameHandler3@@SAXPEA_KPEAU_xDISPATCHER_CONTEXT@@PEBU_s_FuncInfo@@H@Z 00000001400055c8 f   libvcruntime:ehstate.obj
 0001:00004604       ?StateFromControlPc@__FrameHandler3@@SAHPEBU_s_FuncInfo@@PEAU_xDISPATCHER_CONTEXT@@@Z 0000000140005604 f   libvcruntime:ehstate.obj
 0001:0000460c       ?StateFromIp@__FrameHandler3@@SAHPEBU_s_FuncInfo@@PEAU_xDISPATCHER_CONTEXT@@_K@Z 000000014000560c f   libvcruntime:ehstate.obj
 0001:000050fc       ??$TypeMatchHelper@V__FrameHandler3@@@@YAHPEBU_s_HandlerType@@PEBU_s_CatchableType@@PEBU_s_ThrowInfo@@@Z 00000001400060fc f i libvcruntime:frame.obj
 0001:0000523c       ??$__InternalCxxFrameHandler@V__FrameHandler3@@@@YA?AW4_EXCEPTION_DISPOSITION@@PEAUEHExceptionRecord@@PEA_KPEAU_CONTEXT@@PEAU_xDISPATCHER_CONTEXT@@PEBU_s_FuncInfo@@H1E@Z 000000014000623c f i libvcruntime:frame.obj
 0001:00005474       ??$__InternalCxxFrameHandlerWrapper@V__FrameHandler3@@@@YA?AW4_EXCEPTION_DISPOSITION@@PEAUEHExceptionRecord@@PEA_KPEAU_CONTEXT@@PEAU_xDISPATCHER_CONTEXT@@PEBU_s_FuncInfo@@H1E@Z 0000000140006474 f i libvcruntime:frame.obj
 0001:0000547c       ??0bad_exception@std@@QEAA@AEBV01@@Z 000000014000647c f i libvcruntime:frame.obj
 0001:000054b8       ??0bad_exception@std@@QEAA@XZ 00000001400064b8 f i libvcruntime:frame.obj
 0001:000054d8       ??0exception@std@@QEAA@AEBV01@@Z 00000001400064d8 f i libvcruntime:frame.obj
 0001:0000550c       ??1bad_exception@std@@UEAA@XZ 000000014000650c f i libvcruntime:frame.obj
 0001:00005520       ??_Ebad_exception@std@@UEAAPEAXI@Z 0000000140006520 f i libvcruntime:frame.obj
 0001:00005520       ??_Eexception@std@@UEAAPEAXI@Z 0000000140006520 f i libvcruntime:frame.obj
 0001:00005520       ??_Gbad_exception@std@@UEAAPEAXI@Z 0000000140006520 f i libvcruntime:frame.obj
 0001:00005520       ??_Gexception@std@@UEAAPEAXI@Z 0000000140006520 f i libvcruntime:frame.obj
 0001:00005564       ?CxxCallCatchBlock@__FrameHandler3@@SAPEAXPEAU_EXCEPTION_RECORD@@@Z 0000000140006564 f   libvcruntime:frame.obj
 0001:000057d8       ?FrameUnwindToState@__FrameHandler3@@SAXPEA_KPEAU_xDISPATCHER_CONTEXT@@PEBU_s_FuncInfo@@H@Z 00000001400067d8 f   libvcruntime:frame.obj
 0001:00005964       ?GetHandlerSearchState@__FrameHandler3@@SAHPEA_KPEAU_xDISPATCHER_CONTEXT@@PEBU_s_FuncInfo@@@Z 0000000140006964 f i libvcruntime:frame.obj
 0001:00005b74       ?_CallMemberFunction1@@YAXQEAX00@Z 0000000140006b74 f i libvcruntime:frame.obj
 0001:00005b80       ?_CallMemberFunction2@@YAXQEAX00H@Z 0000000140006b80 f i libvcruntime:frame.obj
 0001:00005b90       ?what@exception@std@@UEBAPEBDXZ 0000000140006b90 f i libvcruntime:frame.obj
 0001:00005bc0       _CallSettingFrame          0000000140006bc0 f   libvcruntime:handlers.obj
 0001:00005c10       _CallSettingFrame_LookupContinuationIndex 0000000140006c10 f   libvcruntime:handlers.obj
 0001:00005c40       _CallSettingFrame_NotifyContinuationAddr 0000000140006c40 f   libvcruntime:handlers.obj
 0001:00005c70       _CallSettingFrameEncoded   0000000140006c70 f   libvcruntime:handlers.obj
 0001:00005cb8       __std_exception_copy       0000000140006cb8 f   libvcruntime:std_exception.obj
 0001:00005d48       __std_exception_destroy    0000000140006d48 f   libvcruntime:std_exception.obj
 0001:00005d70       _CxxThrowException         0000000140006d70 f   libvcruntime:throw.obj
 0001:00005e10       sinf                       0000000140006e10 f   libucrt:sinf.obj
 0001:00006508       sqrtf                      0000000140007508 f   libucrt:sqrtf.obj
 0001:000065a8       _seh_filter_exe            00000001400075a8 f   libucrt:exception_filter.obj
 0001:0000672c       _query_app_type            000000014000772c f   libucrt:report_runtime_error.obj
 0001:00006734       _set_app_type              0000000140007734 f   libucrt:report_runtime_error.obj
 0001:0000673c       __acrt_has_user_matherr    000000014000773c f   libucrt:matherr.obj
 0001:0000675c       __acrt_initialize_user_matherr 000000014000775c f   libucrt:matherr.obj
 0001:00006764       __acrt_invoke_user_matherr 0000000140007764 f   libucrt:matherr.obj
 0001:000067a0       __setusermatherr           00000001400077a0 f   libucrt:matherr.obj
 0001:00006990       __acrt_allocate_buffer_for_argv 0000000140007990 f   libucrt:argv_parsing.obj
 0001:000069f0       _configure_narrow_argv     00000001400079f0 f   libucrt:argv_parsing.obj
 0001:00006d78       __dcrt_uninitialize_environments_nolock 0000000140007d78 f   libucrt:environment_initialization.obj
 0001:00006dbc       _initialize_narrow_environment 0000000140007dbc f   libucrt:environment_initialization.obj
 0001:00006dc4       _get_narrow_winmain_command_line 0000000140007dc4 f   libucrt:argv_winmain.obj
 0001:00006e34       _initterm                  0000000140007e34 f   libucrt:initterm.obj
 0001:00006e78       _initterm_e                0000000140007e78 f   libucrt:initterm.obj
 0001:00007154       __acrt_initialize_thread_local_exit_callback 0000000140008154 f   libucrt:exit.obj
 0001:0000715c       _c_exit                    000000014000815c f   libucrt:exit.obj
 0001:0000716c       _cexit                     000000014000816c f   libucrt:exit.obj
 0001:0000717c       _exit                      000000014000817c f   libucrt:exit.obj
 0001:00007188       _register_thread_local_exe_atexit_callback 0000000140008188 f   libucrt:exit.obj
 0001:000071c8       exit                       00000001400081c8 f   libucrt:exit.obj
 0001:000071d4       _set_fmode                 00000001400081d4 f   libucrt:setmode.obj
 0001:00007284       __acrt_set_locale_changed  0000000140008284 f   libucrt:wsetlocale.obj
 0001:00007290       __acrt_uninitialize_locale 0000000140008290 f   libucrt:wsetlocale.obj
 0001:000072c0       _configthreadlocale        00000001400082c0 f   libucrt:wsetlocale.obj
 0001:0000732c       _query_new_mode            000000014000832c f   libucrt:new_mode.obj
 0001:00007334       _set_new_mode              0000000140008334 f   libucrt:new_mode.obj
 0001:00007360       __p__commode               0000000140008360 f   libucrt:ncommode.obj
 0001:000076b0       _crt_atexit                00000001400086b0 f   libucrt:onexit.obj
 0001:000076c0       _execute_onexit_table      00000001400086c0 f   libucrt:onexit.obj
 0001:00007704       _initialize_onexit_table   0000000140008704 f   libucrt:onexit.obj
 0001:0000772c       _register_onexit_function  000000014000872c f   libucrt:onexit.obj
 0001:000078a0       __acrt_initialize          00000001400088a0 f   libucrt:initialization.obj
 0001:000078b4       __acrt_uninitialize        00000001400088b4 f   libucrt:initialization.obj
 0001:000078ec       terminate                  00000001400088ec f   libucrt:terminate.obj
 0001:00007918       free                       0000000140008918 f   libucrt:free.obj
 0001:0000792c       malloc                     000000014000892c f   libucrt:malloc.obj
 0001:00007934       strcpy_s                   0000000140008934 f   libucrt:strcpy_s.obj
 0001:00007994       abort                      0000000140008994 f   libucrt:abort.obj
 0001:000079ec       calloc                     00000001400089ec f   libucrt:calloc.obj
 0001:00007a00       ?get_raw_ptd@__crt_cached_ptd_host@@QEAAPEAU__acrt_ptd@@XZ 0000000140008a00 f i libucrt:output.obj
 0001:00007a70       ?update_locale_slow@__crt_cached_ptd_host@@AEAAXXZ 0000000140008a70 f i libucrt:output.obj
 0001:00007b00       strncmp                    0000000140008b00 f   libucrt:strncmp.obj
 0001:00007b80       wcsncmp                    0000000140008b80 f   libucrt:wcsncmp.obj
 0001:00007bb0       __acrt_initialize_fma3     0000000140008bb0 f   libucrt:fma3_available.obj
 0001:00007c20       __remainder_piby2d2f_forC  0000000140008c20 f   libucrt:remainder_piby2f_forc.obj
 0001:00007e38       _sinf_special              0000000140008e38 f   libucrt:sincos_special.obj
 0001:00007f70       _handle_error              0000000140008f70 f   libucrt:libm_error.obj
 0001:00008098       _handle_errorf             0000000140009098 f   libucrt:libm_error.obj
 0001:000081cc       _handle_nanf               00000001400091cc f   libucrt:libm_error.obj
 0001:00008554       __acrt_getptd              0000000140009554 f   libucrt:per_thread_data.obj
 0001:00008628       __acrt_getptd_head         0000000140009628 f   libucrt:per_thread_data.obj
 0001:000086cc       __acrt_getptd_noexit       00000001400096cc f   libucrt:per_thread_data.obj
 0001:00008794       __acrt_getptd_noexit_explicit 0000000140009794 f   libucrt:per_thread_data.obj
 0001:00008854       __acrt_initialize_ptd      0000000140009854 f   libucrt:per_thread_data.obj
 0001:00008890       __acrt_uninitialize_ptd    0000000140009890 f   libucrt:per_thread_data.obj
 0001:000088b4       ?get_raw_ptd_noexit@__crt_cached_ptd_host@@QEAAPEAU__acrt_ptd@@XZ 00000001400098b4 f i libucrt:invalid_parameter.obj
 0001:00008920       ?value@?$dual_state_global@P6AXPEB_W00I_K@Z@__crt_state_management@@QEAAAEAP6AXPEB_W00I_K@ZAEAV__crt_cached_ptd_host@@@Z 0000000140009920 f i libucrt:invalid_parameter.obj
 0001:0000896c       __acrt_call_reportfault    000000014000996c f   libucrt:invalid_parameter.obj
 0001:00008ac8       __acrt_initialize_invalid_parameter_handler 0000000140009ac8 f   libucrt:invalid_parameter.obj
 0001:00008ad0       _invalid_parameter         0000000140009ad0 f   libucrt:invalid_parameter.obj
 0001:00008b6c       _invalid_parameter_internal 0000000140009b6c f   libucrt:invalid_parameter.obj
 0001:00008c38       _invalid_parameter_noinfo  0000000140009c38 f   libucrt:invalid_parameter.obj
 0001:00008c58       _invoke_watson             0000000140009c58 f   libucrt:invalid_parameter.obj
 0001:00008ca0       __acrt_errno_from_os_error 0000000140009ca0 f   libucrt:errno.obj
 0001:00008ce8       __acrt_errno_map_os_error  0000000140009ce8 f   libucrt:errno.obj
 0001:00008d30       __acrt_errno_map_os_error_ptd 0000000140009d30 f   libucrt:errno.obj
 0001:00008d54       __doserrno                 0000000140009d54 f   libucrt:errno.obj
 0001:00008d74       _errno                     0000000140009d74 f   libucrt:errno.obj
 0001:00008d94       _calloc_base               0000000140009d94 f   libucrt:calloc_base.obj
 0001:00008e0c       _free_base                 0000000140009e0c f   libucrt:free_base.obj
 0001:00008e5c       ??$__acrt_convert_wcs_mbs_cp@D_WV<lambda_7c9dea7b4ca7285d2cdb541a38da6275>@@U__crt_win32_buffer_internal_dynamic_resizing@@@@YAHQEBDAEAV?$__crt_win32_buffer@_WU__crt_win32_buffer_internal_dynamic_resizing@@@@AEBV<lambda_7c9dea7b4ca7285d2cdb541a38da6275>@@I@Z 0000000140009e5c f i libucrt:argv_wildcards.obj
 0001:00008fd8       ??$__acrt_convert_wcs_mbs_cp@_WDV<lambda_d8593a27d1aa8c02be35c86a17d324c4>@@U__crt_win32_buffer_internal_dynamic_resizing@@@@YAHQEB_WAEAV?$__crt_win32_buffer@DU__crt_win32_buffer_internal_dynamic_resizing@@@@AEBV<lambda_d8593a27d1aa8c02be35c86a17d324c4>@@I@Z 0000000140009fd8 f i libucrt:argv_wildcards.obj
 0001:0000987c       ??0_LocaleUpdate@@QEAA@QEAU__crt_locale_pointers@@@Z 000000014000a87c f i libucrt:argv_wildcards.obj
 0001:00009918       __acrt_expand_narrow_argv_wildcards 000000014000a918 f   libucrt:argv_wildcards.obj
 0001:00009920       ??$__acrt_convert_wcs_mbs_cp@_WDV<lambda_f788ae46380686e8b737efdd8c720d07>@@U__crt_win32_buffer_no_resizing@@@@YAHQEB_WAEAV?$__crt_win32_buffer@DU__crt_win32_buffer_no_resizing@@@@AEBV<lambda_f788ae46380686e8b737efdd8c720d07>@@I@Z 000000014000a920 f i libucrt:getmodulefilenamea.obj
 0001:00009a3c       __acrt_GetModuleFileNameA  000000014000aa3c f   libucrt:getmodulefilenamea.obj
 0001:0000a358       __acrt_initialize_multibyte 000000014000b358 f   libucrt:mbctype.obj
 0001:0000a3b8       __acrt_update_thread_multibyte_data 000000014000b3b8 f   libucrt:mbctype.obj
 0001:0000a3d4       _setmbcp_nolock            000000014000b3d4 f   libucrt:mbctype.obj
 0001:0000a708       _ismbblead                 000000014000b708 f   libucrt:ismbbyte.obj
 0001:0000a71c       __acrt_initialize_command_line 000000014000b71c f   libucrt:argv_data.obj
 0001:0000a744       __acrt_MultiByteToWideChar 000000014000b744 f   libucrt:multibytetowidechar.obj
 0001:0000a7d4       __acrt_WideCharToMultiByte 000000014000b7d4 f   libucrt:widechartomultibyte.obj
 0001:0000a8b4       __dcrt_get_narrow_environment_from_os 000000014000b8b4 f   libucrt:get_environment_from_os.obj
 0001:0000a9c4       __acrt_initialize_locks    000000014000b9c4 f   libucrt:locks.obj
 0001:0000aa0c       __acrt_lock                000000014000ba0c f   libucrt:locks.obj
 0001:0000aa28       __acrt_uninitialize_locks  000000014000ba28 f   libucrt:locks.obj
 0001:0000aa60       __acrt_unlock              000000014000ba60 f   libucrt:locks.obj
 0001:0000aa7c       __acrt_app_verifier_enabled 000000014000ba7c f   libucrt:peb_access.obj
 0001:0000aa98       __acrt_is_secure_process   000000014000ba98 f   libucrt:peb_access.obj
 0001:0000aab0       __acrt_get_process_end_policy 000000014000bab0 f   libucrt:win_policies.obj
 0001:0000aae0       __acrt_lowio_create_handle_array 000000014000bae0 f   libucrt:osfinfo.obj
 0001:0000ab88       __acrt_lowio_destroy_handle_array 000000014000bb88 f   libucrt:osfinfo.obj
 0001:0000abd8       __acrt_lowio_ensure_fh_exists 000000014000bbd8 f   libucrt:osfinfo.obj
 0001:0000ac80       __acrt_lowio_lock_fh       000000014000bc80 f   libucrt:osfinfo.obj
 0001:0000aca8       __acrt_lowio_unlock_fh     000000014000bca8 f   libucrt:osfinfo.obj
 0001:0000acd0       _free_osfhnd               000000014000bcd0 f   libucrt:osfinfo.obj
 0001:0000ad8c       _get_osfhandle             000000014000bd8c f   libucrt:osfinfo.obj
 0001:0000ae04       __acrt_initialize_fmode    000000014000be04 f   libucrt:txtmode.obj
 0001:0000b018       __acrt_initialize_lowio    000000014000c018 f   libucrt:ioinit.obj
 0001:0000b054       __acrt_uninitialize_lowio  000000014000c054 f   libucrt:ioinit.obj
 0001:0000b094       __acrt_locale_free_monetary 000000014000c094 f   libucrt:initmon.obj
 0001:0000b1a0       __acrt_locale_free_numeric 000000014000c1a0 f   libucrt:initnum.obj
 0001:0000b240       __acrt_locale_free_time    000000014000c240 f   libucrt:inittime.obj
 0001:0000b348       _malloc_base               000000014000c348 f   libucrt:malloc_base.obj
 0001:0000b3a8       __acrt_GetStringTypeA      000000014000c3a8 f   libucrt:getstringtypea.obj
 0001:0000b538       __acrt_add_locale_ref      000000014000c538 f   libucrt:locale_refcounting.obj
 0001:0000b5c4       __acrt_free_locale         000000014000c5c4 f   libucrt:locale_refcounting.obj
 0001:0000b73c       __acrt_locale_add_lc_time_reference 000000014000c73c f   libucrt:locale_refcounting.obj
 0001:0000b764       __acrt_locale_free_lc_time_if_unreferenced 000000014000c764 f   libucrt:locale_refcounting.obj
 0001:0000b79c       __acrt_locale_release_lc_time_reference 000000014000c79c f   libucrt:locale_refcounting.obj
 0001:0000b7c4       __acrt_release_locale_ref  000000014000c7c4 f   libucrt:locale_refcounting.obj
 0001:0000b86c       __acrt_update_thread_locale_data 000000014000c86c f   libucrt:locale_refcounting.obj
 0001:0000b8dc       _updatetlocinfoEx_nolock   000000014000c8dc f   libucrt:locale_refcounting.obj
 0001:0000bb00       __acrt_AppPolicyGetProcessTerminationMethodInternal 000000014000cb00 f   libucrt:winapi_thunks.obj
 0001:0000bb58       __acrt_AreFileApisANSI     000000014000cb58 f   libucrt:winapi_thunks.obj
 0001:0000bb9c       __acrt_FlsAlloc            000000014000cb9c f   libucrt:winapi_thunks.obj
 0001:0000bba4       __acrt_FlsFree             000000014000cba4 f   libucrt:winapi_thunks.obj
 0001:0000bbac       __acrt_FlsGetValue         000000014000cbac f   libucrt:winapi_thunks.obj
 0001:0000bbb4       __acrt_FlsSetValue         000000014000cbb4 f   libucrt:winapi_thunks.obj
 0001:0000bbbc       __acrt_InitializeCriticalSectionEx 000000014000cbbc f   libucrt:winapi_thunks.obj
 0001:0000bc2c       __acrt_LCMapStringEx       000000014000cc2c f   libucrt:winapi_thunks.obj
 0001:0000bd18       __acrt_LocaleNameToLCID    000000014000cd18 f   libucrt:winapi_thunks.obj
 0001:0000bd78       __acrt_initialize_winapi_thunks 000000014000cd78 f   libucrt:winapi_thunks.obj
 0001:0000bd9c       __acrt_uninitialize_winapi_thunks 000000014000cd9c f   libucrt:winapi_thunks.obj
 0001:0000bde0       _recalloc_base             000000014000cde0 f   libucrt:recalloc.obj
 0001:0000be78       __acrt_initialize_heap     000000014000ce78 f   libucrt:heap_handle.obj
 0001:0000be94       __acrt_uninitialize_heap   000000014000ce94 f   libucrt:heap_handle.obj
 0001:0000bea0       __acrt_execute_initializers 000000014000cea0 f   libucrt:shared_initialization.obj
 0001:0000bf34       __acrt_execute_uninitializers 000000014000cf34 f   libucrt:shared_initialization.obj
 0001:0000bf7c       __acrt_initialize_new_handler 000000014000cf7c f   libucrt:new_handler.obj
 0001:0000bf84       _callnewh                  000000014000cf84 f   libucrt:new_handler.obj
 0001:0000bfc4       _query_new_handler         000000014000cfc4 f   libucrt:new_handler.obj
 0001:0000c044       __acrt_get_sigabrt_handler 000000014000d044 f   libucrt:signal.obj
 0001:0000c074       __acrt_initialize_signal_handlers 000000014000d074 f   libucrt:signal.obj
 0001:0000c094       raise                      000000014000d094 f   libucrt:signal.obj
 0001:0000c4f0       __acrt_stdio_flush_nolock  000000014000d4f0 f   libucrt:fflush.obj
 0001:0000c57c       _fflush_nolock             000000014000d57c f   libucrt:fflush.obj
 0001:0000c650       _flushall                  000000014000d650 f   libucrt:fflush.obj
 0001:0000c658       __acrt_initialize_stdio    000000014000d658 f   libucrt:_file.obj
 0001:0000c778       __acrt_uninitialize_stdio  000000014000d778 f   libucrt:_file.obj
 0001:0000c7d4       _lock_file                 000000014000d7d4 f   libucrt:_file.obj
 0001:0000c7e0       _unlock_file               000000014000d7e0 f   libucrt:_file.obj
 0001:0000c7ec       __acrt_update_locale_info  000000014000d7ec f   libucrt:locale_update.obj
 0001:0000c820       __acrt_update_locale_info_explicit 000000014000d820 f   libucrt:locale_update.obj
 0001:0000c858       __acrt_update_multibyte_info 000000014000d858 f   libucrt:locale_update.obj
 0001:0000c88c       __acrt_update_multibyte_info_explicit 000000014000d88c f   libucrt:locale_update.obj
 0001:0000c8c4       _mbtowc_internal           000000014000d8c4 f   libucrt:mbtowc.obj
 0001:0000ca3c       _fileno                    000000014000da3c f   libucrt:fileno.obj
 0001:0000ca64       _raise_exc                 000000014000da64 f   libucrt:fpexcept.obj
 0001:0000ca8c       _raise_exc_ex              000000014000da8c f   libucrt:fpexcept.obj
 0001:0000cd94       _raise_excf                000000014000dd94 f   libucrt:fpexcept.obj
 0001:0000cdc0       _set_errno_from_matherr    000000014000ddc0 f   libucrt:fpexcept.obj
 0001:0000cdf0       _clrfp                     000000014000ddf0 f   libucrt:fpctrl.obj
 0001:0000ce10       _ctrlfp                    000000014000de10 f   libucrt:fpctrl.obj
 0001:0000ce8c       _set_statfp                000000014000de8c f   libucrt:fpctrl.obj
 0001:0000ceac       _statfp                    000000014000deac f   libucrt:fpctrl.obj
 0001:0000cec0       qsort                      000000014000dec0 f   libucrt:qsort.obj
 0001:0000d2d0       strncpy_s                  000000014000e2d0 f   libucrt:strncpy_s.obj
 0001:0000d460       strpbrk                    000000014000e460 f   libucrt:strpbrk.obj
 0001:0000d828       _mbsdec                    000000014000e828 f   libucrt:mbsdec.obj
 0001:0000d830       _mbsdec_l                  000000014000e830 f   libucrt:mbsdec.obj
 0001:0000dbf8       __acrt_LCMapStringA        000000014000ebf8 f   libucrt:lcmapstringa.obj
 0001:0000dca8       __ascii_wcsnicmp           000000014000eca8 f   libucrt:wcsnicmp.obj
 0001:0000dcf4       __acrt_DownlevelLocaleNameToLCID 000000014000ecf4 f   libucrt:lcidtoname_downlevel.obj
 0001:0000dd98       _msize_base                000000014000ed98 f   libucrt:msize.obj
 0001:0000ddd4       _realloc_base              000000014000edd4 f   libucrt:realloc_base.obj
 0001:0000dedc       _commit                    000000014000eedc f   libucrt:commit.obj
 0001:0000e778       _write_internal            000000014000f778 f   libucrt:write.obj
 0001:0000e898       _write_nolock              000000014000f898 f   libucrt:write.obj
 0001:0000eba0       _fcloseall                 000000014000fba0 f   libucrt:closeall.obj
 0001:0000ec54       __acrt_stdio_free_buffer_nolock 000000014000fc54 f   libucrt:_freebuf.obj
 0001:0000ec98       _isatty                    000000014000fc98 f   libucrt:isatty.obj
 0001:0000ecf8       ?__mbrtowc_utf8@__crt_mbstring@@YA_KPEA_WPEBD_KPEAU_Mbstatet@@AEAV__crt_cached_ptd_host@@@Z 000000014000fcf8 f   libucrt:mbrtowc.obj
 0001:0000ed3c       ?__mbsrtowcs_utf8@__crt_mbstring@@YA_KPEA_WPEAPEBD_KPEAU_Mbstatet@@AEAV__crt_cached_ptd_host@@@Z 000000014000fd3c f   libucrt:mbrtowc.obj
 0001:0000eef0       _get_fpsr                  000000014000fef0 f   libucrt:fpsr.obj
 0001:0000ef00       _set_fpsr                  000000014000ff00 f   libucrt:fpsr.obj
 0001:0000ef0a       _fclrf                     000000014000ff0a f   libucrt:fpsr.obj
 0001:0000ef1e       _frnd                      000000014000ff1e f   libucrt:fpsr.obj
 0001:0000ef40       __strncnt                  000000014000ff40 f   libucrt:strncnt.obj
 0001:0000f004       _lseeki64_nolock_internal  0000000140010004 f   libucrt:lseek.obj
 0001:0000f00c       _putwch_nolock             000000014001000c f   libucrt:putwch.obj
 0001:0000f16c       fclose                     000000014001016c f   libucrt:fclose.obj
 0001:0000f210       log10                      0000000140010210 f   libucrt:log10.obj
 0001:0000f7bc       ?reset_and_return@__crt_mbstring@@YA_K_KPEAU_Mbstatet@@@Z 00000001400107bc f   libucrt:common_utf8.obj
 0001:0000f7c4       ?return_illegal_sequence@__crt_mbstring@@YA_KPEAU_Mbstatet@@AEAV__crt_cached_ptd_host@@@Z 00000001400107c4 f   libucrt:common_utf8.obj
 0001:0000f7d8       ?__mbrtoc32_utf8@__crt_mbstring@@YA_KPEA_UPEBD_KPEAU_Mbstatet@@AEAV__crt_cached_ptd_host@@@Z 00000001400107d8 f   libucrt:mbrtoc32.obj
 0001:0000f9b4       __dcrt_lowio_ensure_console_output_initialized 00000001400109b4 f   libucrt:initcon.obj
 0001:0000fa08       __dcrt_terminate_console_output 0000000140010a08 f   libucrt:initcon.obj
 0001:0000fa24       __dcrt_write_console       0000000140010a24 f   libucrt:initcon.obj
 0001:0000fb5c       _close_internal            0000000140010b5c f   libucrt:close.obj
 0001:0000fc20       _close_nolock_internal     0000000140010c20 f   libucrt:close.obj
 0001:0000fcf0       ?__acrt_stdio_free_stream@@YAXV__crt_stdio_stream@@@Z 0000000140010cf0 f   libucrt:stream.obj
 0001:0000fd10       _log10_special             0000000140010d10 f   libucrt:log_special.obj
 0001:0000fdd0       _FindPESection             0000000140010dd0 f   LIBCMT:pesect.obj
 0001:0000fe20       _IsNonwritableInCurrentImage 0000000140010e20 f   LIBCMT:pesect.obj
 0001:0000fe70       _ValidateImageBase         0000000140010e70 f   LIBCMT:pesect.obj
 0001:0000fe9c       ??_Etype_info@@UEAAPEAXI@Z 0000000140010e9c f i LIBCMT:std_type_info_static.obj
 0001:0000fe9c       ??_Gtype_info@@UEAAPEAXI@Z 0000000140010e9c f i LIBCMT:std_type_info_static.obj
 0001:0000fec8       ??3@YAXPEAX_K@Z            0000000140010ec8 f   LIBCMT:delete_scalar_size.obj
 0001:0000fee0       __chkstk                   0000000140010ee0 f   LIBCMT:chkstk.obj
 0001:0000fee0       _alloca_probe              0000000140010ee0 f   LIBCMT:chkstk.obj
 0001:0000ff30       __GSHandlerCheck_EH        0000000140010f30 f   LIBCMT:gshandlereh.obj
 0001:0000ffb0       ??3@YAXPEAX@Z              0000000140010fb0 f   LIBCMT:delete_scalar.obj
 0001:0000ffd0       memcmp                     0000000140010fd0 f   libvcruntime:memcmp.obj
 0001:00010098       __C_specific_handler_noexcept 0000000140011098 f   libvcruntime:chandler_noexcept.obj
 0001:00010100       _guard_dispatch_icall_nop  0000000140011100 f   LIBCMT:guard_dispatch.obj
 0001:00010120       _guard_xfg_dispatch_icall_nop 0000000140011120 f   LIBCMT:guard_xfg_dispatch.obj
 0002:00000000       __imp_StretchDIBits        0000000140012000     gdi32:GDI32.dll
 0002:00000008       \177GDI32_NULL_THUNK_DATA  0000000140012008     gdi32:GDI32.dll
 0002:00000010       __imp_CreateFileW          0000000140012010     kernel32:KERNEL32.dll
 0002:00000018       __imp_SetFilePointerEx     0000000140012018     kernel32:KERNEL32.dll
 0002:00000020       __imp_CloseHandle          0000000140012020     kernel32:KERNEL32.dll
 0002:00000028       __imp_GetConsoleMode       0000000140012028     kernel32:KERNEL32.dll
 0002:00000030       __imp_GetConsoleOutputCP   0000000140012030     kernel32:KERNEL32.dll
 0002:00000038       __imp_FlushFileBuffers     0000000140012038     kernel32:KERNEL32.dll
 0002:00000040       __imp_HeapReAlloc          0000000140012040     kernel32:KERNEL32.dll
 0002:00000048       __imp_HeapSize             0000000140012048     kernel32:KERNEL32.dll
 0002:00000050       __imp_QueryPerformanceCounter 0000000140012050     kernel32:KERNEL32.dll
 0002:00000058       __imp_QueryPerformanceFrequency 0000000140012058     kernel32:KERNEL32.dll
 0002:00000060       __imp_VirtualAlloc         0000000140012060     kernel32:KERNEL32.dll
 0002:00000068       __imp_GetProcAddress       0000000140012068     kernel32:KERNEL32.dll
 0002:00000070       __imp_LoadLibraryA         0000000140012070     kernel32:KERNEL32.dll
 0002:00000078       __imp_RtlCaptureContext    0000000140012078     kernel32:KERNEL32.dll
 0002:00000080       __imp_RtlLookupFunctionEntry 0000000140012080     kernel32:KERNEL32.dll
 0002:00000088       __imp_RtlVirtualUnwind     0000000140012088     kernel32:KERNEL32.dll
 0002:00000090       __imp_UnhandledExceptionFilter 0000000140012090     kernel32:KERNEL32.dll
 0002:00000098       __imp_SetUnhandledExceptionFilter 0000000140012098     kernel32:KERNEL32.dll
 0002:000000a0       __imp_GetCurrentProcess    00000001400120a0     kernel32:KERNEL32.dll
 0002:000000a8       __imp_TerminateProcess     00000001400120a8     kernel32:KERNEL32.dll
 0002:000000b0       __imp_IsProcessorFeaturePresent 00000001400120b0     kernel32:KERNEL32.dll
 0002:000000b8       __imp_GetCurrentProcessId  00000001400120b8     kernel32:KERNEL32.dll
 0002:000000c0       __imp_GetCurrentThreadId   00000001400120c0     kernel32:KERNEL32.dll
 0002:000000c8       __imp_GetSystemTimeAsFileTime 00000001400120c8     kernel32:KERNEL32.dll
 0002:000000d0       __imp_InitializeSListHead  00000001400120d0     kernel32:KERNEL32.dll
 0002:000000d8       __imp_IsDebuggerPresent    00000001400120d8     kernel32:KERNEL32.dll
 0002:000000e0       __imp_GetStartupInfoW      00000001400120e0     kernel32:KERNEL32.dll
 0002:000000e8       __imp_GetModuleHandleW     00000001400120e8     kernel32:KERNEL32.dll
 0002:000000f0       __imp_RtlUnwindEx          00000001400120f0     kernel32:KERNEL32.dll
 0002:000000f8       __imp_GetLastError         00000001400120f8     kernel32:KERNEL32.dll
 0002:00000100       __imp_SetLastError         0000000140012100     kernel32:KERNEL32.dll
 0002:00000108       __imp_EnterCriticalSection 0000000140012108     kernel32:KERNEL32.dll
 0002:00000110       __imp_LeaveCriticalSection 0000000140012110     kernel32:KERNEL32.dll
 0002:00000118       __imp_DeleteCriticalSection 0000000140012118     kernel32:KERNEL32.dll
 0002:00000120       __imp_InitializeCriticalSectionAndSpinCount 0000000140012120     kernel32:KERNEL32.dll
 0002:00000128       __imp_TlsAlloc             0000000140012128     kernel32:KERNEL32.dll
 0002:00000130       __imp_TlsGetValue          0000000140012130     kernel32:KERNEL32.dll
 0002:00000138       __imp_TlsSetValue          0000000140012138     kernel32:KERNEL32.dll
 0002:00000140       __imp_TlsFree              0000000140012140     kernel32:KERNEL32.dll
 0002:00000148       __imp_FreeLibrary          0000000140012148     kernel32:KERNEL32.dll
 0002:00000150       __imp_LoadLibraryExW       0000000140012150     kernel32:KERNEL32.dll
 0002:00000158       __imp_EncodePointer        0000000140012158     kernel32:KERNEL32.dll
 0002:00000160       __imp_RaiseException       0000000140012160     kernel32:KERNEL32.dll
 0002:00000168       __imp_RtlPcToFileHeader    0000000140012168     kernel32:KERNEL32.dll
 0002:00000170       __imp_WriteConsoleW        0000000140012170     kernel32:KERNEL32.dll
 0002:00000178       __imp_GetStdHandle         0000000140012178     kernel32:KERNEL32.dll
 0002:00000180       __imp_WriteFile            0000000140012180     kernel32:KERNEL32.dll
 0002:00000188       __imp_GetModuleFileNameW   0000000140012188     kernel32:KERNEL32.dll
 0002:00000190       __imp_ExitProcess          0000000140012190     kernel32:KERNEL32.dll
 0002:00000198       __imp_GetModuleHandleExW   0000000140012198     kernel32:KERNEL32.dll
 0002:000001a0       __imp_HeapAlloc            00000001400121a0     kernel32:KERNEL32.dll
 0002:000001a8       __imp_HeapFree             00000001400121a8     kernel32:KERNEL32.dll
 0002:000001b0       __imp_FindClose            00000001400121b0     kernel32:KERNEL32.dll
 0002:000001b8       __imp_FindFirstFileExW     00000001400121b8     kernel32:KERNEL32.dll
 0002:000001c0       __imp_FindNextFileW        00000001400121c0     kernel32:KERNEL32.dll
 0002:000001c8       __imp_IsValidCodePage      00000001400121c8     kernel32:KERNEL32.dll
 0002:000001d0       __imp_GetACP               00000001400121d0     kernel32:KERNEL32.dll
 0002:000001d8       __imp_GetOEMCP             00000001400121d8     kernel32:KERNEL32.dll
 0002:000001e0       __imp_GetCPInfo            00000001400121e0     kernel32:KERNEL32.dll
 0002:000001e8       __imp_GetCommandLineA      00000001400121e8     kernel32:KERNEL32.dll
 0002:000001f0       __imp_GetCommandLineW      00000001400121f0     kernel32:KERNEL32.dll
 0002:000001f8       __imp_MultiByteToWideChar  00000001400121f8     kernel32:KERNEL32.dll
 0002:00000200       __imp_WideCharToMultiByte  0000000140012200     kernel32:KERNEL32.dll
 0002:00000208       __imp_GetEnvironmentStringsW 0000000140012208     kernel32:KERNEL32.dll
 0002:00000210       __imp_FreeEnvironmentStringsW 0000000140012210     kernel32:KERNEL32.dll
 0002:00000218       __imp_SetStdHandle         0000000140012218     kernel32:KERNEL32.dll
 0002:00000220       __imp_GetFileType          0000000140012220     kernel32:KERNEL32.dll
 0002:00000228       __imp_GetStringTypeW       0000000140012228     kernel32:KERNEL32.dll
 0002:00000230       __imp_FlsAlloc             0000000140012230     kernel32:KERNEL32.dll
 0002:00000238       __imp_FlsGetValue          0000000140012238     kernel32:KERNEL32.dll
 0002:00000240       __imp_FlsSetValue          0000000140012240     kernel32:KERNEL32.dll
 0002:00000248       __imp_FlsFree              0000000140012248     kernel32:KERNEL32.dll
 0002:00000250       __imp_LCMapStringW         0000000140012250     kernel32:KERNEL32.dll
 0002:00000258       __imp_GetProcessHeap       0000000140012258     kernel32:KERNEL32.dll
 0002:00000260       \177KERNEL32_NULL_THUNK_DATA 0000000140012260     kernel32:KERNEL32.dll
 0002:00000268       __imp_DispatchMessageA     0000000140012268     user32:USER32.dll
 0002:00000270       __imp_LoadCursorA          0000000140012270     user32:USER32.dll
 0002:00000278       __imp_AdjustWindowRect     0000000140012278     user32:USER32.dll
 0002:00000280       __imp_EndPaint             0000000140012280     user32:USER32.dll
 0002:00000288       __imp_BeginPaint           0000000140012288     user32:USER32.dll
 0002:00000290       __imp_GetDC                0000000140012290     user32:USER32.dll
 0002:00000298       __imp_CreateWindowExA      0000000140012298     user32:USER32.dll
 0002:000002a0       __imp_RegisterClassA       00000001400122a0     user32:USER32.dll
 0002:000002a8       __imp_DefWindowProcA       00000001400122a8     user32:USER32.dll
 0002:000002b0       __imp_PeekMessageA         00000001400122b0     user32:USER32.dll
 0002:000002b8       __imp_TranslateMessage     00000001400122b8     user32:USER32.dll
 0002:000002c0       \177USER32_NULL_THUNK_DATA 00000001400122c0     user32:USER32.dll
 0002:000002c8       __guard_check_icall_fptr   00000001400122c8     LIBCMT:guard_support.obj
 0002:000002d0       __guard_xfg_check_icall_fptr 00000001400122d0     LIBCMT:guard_support.obj
 0002:000002d8       __guard_dispatch_icall_fptr 00000001400122d8     LIBCMT:guard_support.obj
 0002:000002e0       __guard_xfg_dispatch_icall_fptr 00000001400122e0     LIBCMT:guard_support.obj
 0002:000002e8       __guard_xfg_table_dispatch_icall_fptr 00000001400122e8     LIBCMT:guard_support.obj
 0002:000002f0       __castguard_check_failure_os_handled_fptr 00000001400122f0     LIBCMT:guard_support.obj
 0002:000002f8       __guard_memcpy_fptr        00000001400122f8     libvcruntime:softmemtag.obj
 0002:00000300       __xc_a                     0000000140012300     LIBCMT:initializers.obj
 0002:00000310       __xc_z                     0000000140012310     LIBCMT:initializers.obj
 0002:00000318       __xi_a                     0000000140012318     LIBCMT:initializers.obj
 0002:00000330       __acrt_tran_fma3_initializer 0000000140012330     libucrt:fma3_initializer.obj
 0002:00000338       __acrt_multibyte_initializer 0000000140012338     libucrt:multibyte_initializer.obj
 0002:00000340       __acrt_fmode_initializer   0000000140012340     libucrt:fmode_initializer.obj
 0002:00000348       __acrt_stdio_initializer   0000000140012348     libucrt:stdio_initializer.obj
 0002:00000350       __xi_z                     0000000140012350     LIBCMT:initializers.obj
 0002:00000358       __xp_a                     0000000140012358     LIBCMT:initializers.obj
 0002:00000360       __acrt_locale_terminator   0000000140012360     libucrt:locale_initializer.obj
 0002:00000368       __dcrt_console_output_terminator 0000000140012368     libucrt:console_output_initializer.obj
 0002:00000370       __acrt_stdio_terminator    0000000140012370     libucrt:stdio_initializer.obj
 0002:00000378       __xp_z                     0000000140012378     LIBCMT:initializers.obj
 0002:00000380       __xt_a                     0000000140012380     LIBCMT:initializers.obj
 0002:00000388       __xt_z                     0000000140012388     LIBCMT:initializers.obj
 0002:00000390       __real@00000000            0000000140012390     main.obj
 0002:00000398       __real@408f400000000000    0000000140012398     main.obj
 0002:000003a0       __real@40c90fdb            00000001400123a0     main.obj
 0002:000003a8       __real@412e848000000000    00000001400123a8     main.obj
 0002:000003b0       __real@447a0000            00000001400123b0     main.obj
 0002:000003d0       __xmm@ffffffffffffffffffffffffffffffff 00000001400123d0     LIBCMT:utility.obj
 0002:000003e0       _pDestructExceptionObject  00000001400123e0     libvcruntime:ehhelpers.obj
 0002:00000b00       ??_C@_08EHJDFFNH@__based?$CI@ 0000000140012b00     libvcruntime:undname.obj
 0002:00000b10       ??_C@_07KOLFKCDI@__cdecl@  0000000140012b10     libvcruntime:undname.obj
 0002:00000b18       ??_C@_08GHMPAG@__pascal@   0000000140012b18     libvcruntime:undname.obj
 0002:00000b28       ??_C@_09IFJBGAPI@__stdcall@ 0000000140012b28     libvcruntime:undname.obj
 0002:00000b38       ??_C@_0L@NPHFGOKO@__thiscall@ 0000000140012b38     libvcruntime:undname.obj
 0002:00000b48       ??_C@_0L@JMKHOMEK@__fastcall@ 0000000140012b48     libvcruntime:undname.obj
 0002:00000b58       ??_C@_0N@BCKKPABJ@__vectorcall@ 0000000140012b58     libvcruntime:undname.obj
 0002:00000b68       ??_C@_09HIJEGCPM@__clrcall@ 0000000140012b68     libvcruntime:undname.obj
 0002:00000b74       ??_C@_06GHPCKEAG@__eabi@   0000000140012b74     libvcruntime:undname.obj
 0002:00000b80       ??_C@_09IOPIDJLG@__swift_1@ 0000000140012b80     libvcruntime:undname.obj
 0002:00000b90       ??_C@_09KFNFGKHF@__swift_2@ 0000000140012b90     libvcruntime:undname.obj
 0002:00000ba0       ??_C@_09LMMOFLDE@__swift_3@ 0000000140012ba0     libvcruntime:undname.obj
 0002:00000bb0       ??_C@_07JOMMBBKO@__ptr64@  0000000140012bb0     libvcruntime:undname.obj
 0002:00000bb8       ??_C@_0L@PILCLIHE@__restrict@ 0000000140012bb8     libvcruntime:undname.obj
 0002:00000bc8       ??_C@_0M@GFIIJFMG@__unaligned@ 0000000140012bc8     libvcruntime:undname.obj
 0002:00000bd8       ??_C@_09DHDLOLLB@restrict?$CI@ 0000000140012bd8     libvcruntime:undname.obj
 0002:00000be2       ??_C@_00CNPNBAHC@@         0000000140012be2     libvcruntime:undname.obj
 0002:00000be4       ??_C@_04NIHEBCM@?5new@     0000000140012be4     libvcruntime:undname.obj
 0002:00000bf0       ??_C@_07FPCDHGMM@?5delete@ 0000000140012bf0     libvcruntime:undname.obj
 0002:00000bf8       ??_C@_01NEMOKFLO@?$DN@     0000000140012bf8     libvcruntime:undname.obj
 0002:00000bfc       ??_C@_02GPIOPFAK@?$DO?$DO@ 0000000140012bfc     libvcruntime:undname.obj
 0002:00000c00       ??_C@_02FODMEDOG@?$DM?$DM@ 0000000140012c00     libvcruntime:undname.obj
 0002:00000c04       ??_C@_01DCLJPIOD@?$CB@     0000000140012c04     libvcruntime:undname.obj
 0002:00000c08       ??_C@_02EGOFBIJA@?$DN?$DN@ 0000000140012c08     libvcruntime:undname.obj
 0002:00000c0c       ??_C@_02FDNJECIE@?$CB?$DN@ 0000000140012c0c     libvcruntime:undname.obj
 0002:00000c10       ??_C@_02GPECMEKF@?$FL?$FN@ 0000000140012c10     libvcruntime:undname.obj
 0002:00000c18       ??_C@_08LHJFAFGD@operator@ 0000000140012c18     libvcruntime:undname.obj
 0002:00000c24       ??_C@_02HBOOOICD@?9?$DO@   0000000140012c24     libvcruntime:undname.obj
 0002:00000c28       ??_C@_01NBENCBCI@?$CK@     0000000140012c28     libvcruntime:undname.obj
 0002:00000c2c       ??_C@_02ECNGHCIF@?$CL?$CL@ 0000000140012c2c     libvcruntime:undname.obj
 0002:00000c30       ??_C@_02BAABKJLB@?9?9@     0000000140012c30     libvcruntime:undname.obj
 0002:00000c34       ??_C@_01JOAMLHOP@?9@       0000000140012c34     libvcruntime:undname.obj
 0002:00000c38       ??_C@_01MIFGBAGJ@?$CL@     0000000140012c38     libvcruntime:undname.obj
 0002:00000c3c       ??_C@_01HNPIGOCE@?$CG@     0000000140012c3c     libvcruntime:undname.obj
 0002:00000c40       ??_C@_03MNHNFDLC@?9?$DO?$CK@ 0000000140012c40     libvcruntime:undname.obj
 0002:00000c44       ??_C@_01KMDKNFGN@?1@       0000000140012c44     libvcruntime:undname.obj
 0002:00000c48       ??_C@_01FGNFDNOH@?$CF@     0000000140012c48     libvcruntime:undname.obj
 0002:00000c4c       ??_C@_01MNNFJEPP@?$DM@     0000000140012c4c     libvcruntime:undname.obj
 0002:00000c50       ??_C@_02EHCHHCKH@?$DM?$DN@ 0000000140012c50     libvcruntime:undname.obj
 0002:00000c54       ??_C@_01PPODPGHN@?$DO@     0000000140012c54     libvcruntime:undname.obj
 0002:00000c58       ??_C@_02EEKDKGMJ@?$DO?$DN@ 0000000140012c58     libvcruntime:undname.obj
 0002:00000c5c       ??_C@_01IHBHIGKO@?0@       0000000140012c5c     libvcruntime:undname.obj
 0002:00000c60       ??_C@_02HCKGKOFO@?$CI?$CJ@ 0000000140012c60     libvcruntime:undname.obj
 0002:00000c64       ??_C@_01PJKLJHI@?$HO@      0000000140012c64     libvcruntime:undname.obj
 0002:00000c68       ??_C@_01JKBOJNNK@?$FO@     0000000140012c68     libvcruntime:undname.obj
 0002:00000c6c       ??_C@_01DNKMNLPK@?$HM@     0000000140012c6c     libvcruntime:undname.obj
 0002:00000c70       ??_C@_02PPKAJPJL@?$CG?$CG@ 0000000140012c70     libvcruntime:undname.obj
 0002:00000c74       ??_C@_02NONPIBCD@?$HM?$HM@ 0000000140012c74     libvcruntime:undname.obj
 0002:00000c78       ??_C@_02FPIMKNGF@?$CK?$DN@ 0000000140012c78     libvcruntime:undname.obj
 0002:00000c7c       ??_C@_02FOEOMHFC@?$CL?$DN@ 0000000140012c7c     libvcruntime:undname.obj
 0002:00000c80       ??_C@_02FKMDLLOA@?9?$DN@   0000000140012c80     libvcruntime:undname.obj
 0002:00000c84       ??_C@_02FJEHGPIO@?1?$DN@   0000000140012c84     libvcruntime:undname.obj
 0002:00000c88       ??_C@_02FENAOKFI@?$CF?$DN@ 0000000140012c88     libvcruntime:undname.obj
 0002:00000c8c       ??_C@_03IKFCCPFF@?$DO?$DO?$DN@ 0000000140012c8c     libvcruntime:undname.obj
 0002:00000c90       ??_C@_03CDNPDDLA@?$DM?$DM?$DN@ 0000000140012c90     libvcruntime:undname.obj
 0002:00000c94       ??_C@_02FGJGFEAB@?$CG?$DN@ 0000000140012c94     libvcruntime:undname.obj
 0002:00000c98       ??_C@_02DHLNPPGH@?$HM?$DN@ 0000000140012c98     libvcruntime:undname.obj
 0002:00000c9c       ??_C@_02MHEGNOJ@?$FO?$DN@  0000000140012c9c     libvcruntime:undname.obj
 0002:00000ca0       ??_C@_09IFPLHPGF@?$GAvftable?8@ 0000000140012ca0     libvcruntime:undname.obj
 0002:00000cb0       ??_C@_09BLBHBJP@?$GAvbtable?8@ 0000000140012cb0     libvcruntime:undname.obj
 0002:00000cc0       ??_C@_07FEEIOKP@?$GAvcall?8@ 0000000140012cc0     libvcruntime:undname.obj
 0002:00000cc8       ??_C@_08LLFFHHDJ@?$GAtypeof?8@ 0000000140012cc8     libvcruntime:undname.obj
 0002:00000cd8       ??_C@_0BF@KDPPACIK@?$GAlocal?5static?5guard?8@ 0000000140012cd8     libvcruntime:undname.obj
 0002:00000cf0       ??_C@_08OBABFOLI@?$GAstring?8@ 0000000140012cf0     libvcruntime:undname.obj
 0002:00000d00       ??_C@_0BD@JDLKDPAB@?$GAvbase?5destructor?8@ 0000000140012d00     libvcruntime:undname.obj
 0002:00000d18       ??_C@_0BN@DEGPLNFK@?$GAvector?5deleting?5destructor?8@ 0000000140012d18     libvcruntime:undname.obj
 0002:00000d38       ??_C@_0BO@OBMKPJIG@?$GAdefault?5constructor?5closure?8@ 0000000140012d38     libvcruntime:undname.obj
 0002:00000d58       ??_C@_0BN@IMDCHIKM@?$GAscalar?5deleting?5destructor?8@ 0000000140012d58     libvcruntime:undname.obj
 0002:00000d78       ??_C@_0BO@PFGOCPJJ@?$GAvector?5constructor?5iterator?8@ 0000000140012d78     libvcruntime:undname.obj
 0002:00000d98       ??_C@_0BN@LFPFMEDL@?$GAvector?5destructor?5iterator?8@ 0000000140012d98     libvcruntime:undname.obj
 0002:00000db8       ??_C@_0CE@IKBNEHA@?$GAvector?5vbase?5constructor?5itera@ 0000000140012db8     libvcruntime:undname.obj
 0002:00000de0       ??_C@_0BL@NILFHHPC@?$GAvirtual?5displacement?5map?8@ 0000000140012de0     libvcruntime:undname.obj
 0002:00000e00       ??_C@_0CB@JONCMFFK@?$GAeh?5vector?5constructor?5iterator@ 0000000140012e00     libvcruntime:undname.obj
 0002:00000e28       ??_C@_0CA@GCEOPDGL@?$GAeh?5vector?5destructor?5iterator?8@ 0000000140012e28     libvcruntime:undname.obj
 0002:00000e48       ??_C@_0CH@OOJPLCPH@?$GAeh?5vector?5vbase?5constructor?5it@ 0000000140012e48     libvcruntime:undname.obj
 0002:00000e70       ??_C@_0BL@LLKPOHJI@?$GAcopy?5constructor?5closure?8@ 0000000140012e70     libvcruntime:undname.obj
 0002:00000e90       ??_C@_0BA@KBCDOMBN@?$GAudt?5returning?8@ 0000000140012e90     libvcruntime:undname.obj
 0002:00000ea0       ??_C@_03KLGMFNMG@?$GAEH@   0000000140012ea0     libvcruntime:undname.obj
 0002:00000ea4       ??_C@_05KHLCHHI@?$GARTTI@  0000000140012ea4     libvcruntime:undname.obj
 0002:00000eb0       ??_C@_0BA@KKLDJDLB@?$GAlocal?5vftable?8@ 0000000140012eb0     libvcruntime:undname.obj
 0002:00000ec0       ??_C@_0CE@IIHCMGGL@?$GAlocal?5vftable?5constructor?5clos@ 0000000140012ec0     libvcruntime:undname.obj
 0002:00000ee4       ??_C@_06FHBGPFGH@?5new?$FL?$FN@ 0000000140012ee4     libvcruntime:undname.obj
 0002:00000ef0       ??_C@_09LBNFPBCA@?5delete?$FL?$FN@ 0000000140012ef0     libvcruntime:undname.obj
 0002:00000f00       ??_C@_0P@HJKNJFNN@?$GAomni?5callsig?8@ 0000000140012f00     libvcruntime:undname.obj
 0002:00000f10       ??_C@_0BL@CNOONJFP@?$GAplacement?5delete?5closure?8@ 0000000140012f10     libvcruntime:undname.obj
 0002:00000f30       ??_C@_0BN@CKNJLHMB@?$GAplacement?5delete?$FL?$FN?5closure?8@ 0000000140012f30     libvcruntime:undname.obj
 0002:00000f50       ??_C@_0CG@CFDHKGGD@?$GAmanaged?5vector?5constructor?5ite@ 0000000140012f50     libvcruntime:undname.obj
 0002:00000f78       ??_C@_0CF@IMGKMJNO@?$GAmanaged?5vector?5destructor?5iter@ 0000000140012f78     libvcruntime:undname.obj
 0002:00000fa0       ??_C@_0CG@HLDDJMAG@?$GAeh?5vector?5copy?5constructor?5ite@ 0000000140012fa0     libvcruntime:undname.obj
 0002:00000fc8       ??_C@_0CM@FCBBDIGB@?$GAeh?5vector?5vbase?5copy?5construct@ 0000000140012fc8     libvcruntime:undname.obj
 0002:00000ff8       ??_C@_0BL@CLIPGLGB@?$GAdynamic?5initializer?5for?5?8@ 0000000140012ff8     libvcruntime:undname.obj
 0002:00001018       ??_C@_0CB@PDBIFEP@?$GAdynamic?5atexit?5destructor?5for?5@ 0000000140013018     libvcruntime:undname.obj
 0002:00001040       ??_C@_0CD@CGAJBKEJ@?$GAvector?5copy?5constructor?5iterat@ 0000000140013040     libvcruntime:undname.obj
 0002:00001068       ??_C@_0CJ@GJELGAMM@?$GAvector?5vbase?5copy?5constructor?5@ 0000000140013068     libvcruntime:undname.obj
 0002:00001098       ??_C@_0CL@FGIJHLCE@?$GAmanaged?5vector?5copy?5constructo@ 0000000140013098     libvcruntime:undname.obj
 0002:000010c8       ??_C@_0BM@PMGGMLDN@?$GAlocal?5static?5thread?5guard?8@ 00000001400130c8     libvcruntime:undname.obj
 0002:000010e8       ??_C@_0N@BDNMDMOL@operator?5?$CC?$CC?5@ 00000001400130e8     libvcruntime:undname.obj
 0002:000010f8       ??_C@_0BC@GGEBGALA@operator?5co_await@ 00000001400130f8     libvcruntime:undname.obj
 0002:00001110       ??_C@_0M@GAAIMMOH@operator?$DM?$DN?$DO@ 0000000140013110     libvcruntime:undname.obj
 0002:00001120       ??_C@_0BC@DAFEJGAK@?5Type?5Descriptor?8@ 0000000140013120     libvcruntime:undname.obj
 0002:00001138       ??_C@_0BM@LDKODKLH@?5Base?5Class?5Descriptor?5at?5?$CI@ 0000000140013138     libvcruntime:undname.obj
 0002:00001158       ??_C@_0BD@LGICGFMM@?5Base?5Class?5Array?8@ 0000000140013158     libvcruntime:undname.obj
 0002:00001170       ??_C@_0BN@MECKDCOJ@?5Class?5Hierarchy?5Descriptor?8@ 0000000140013170     libvcruntime:undname.obj
 0002:00001190       ??_C@_0BK@CFCOFLF@?5Complete?5Object?5Locator?8@ 0000000140013190     libvcruntime:undname.obj
 0002:000011b0       ??_C@_0BG@JNJLAMPM@?$GAanonymous?5namespace?8@ 00000001400131b0     libvcruntime:undname.obj
 0002:000011e0       ??_C@_1DM@KHCHBNEB@?$AAa?$AAp?$AAi?$AA?9?$AAm?$AAs?$AA?9?$AAw?$AAi?$AAn?$AA?9?$AAc?$AAo?$AAr?$AAe@ 00000001400131e0     libvcruntime:winapi_downlevel.obj
 0002:00001220       ??_C@_1DK@LPPGFMPP@?$AAa?$AAp?$AAi?$AA?9?$AAm?$AAs?$AA?9?$AAw?$AAi?$AAn?$AA?9?$AAc?$AAo?$AAr?$AAe@ 0000000140013220     libvcruntime:winapi_downlevel.obj
 0002:00001260       ??_C@_1BC@GDMECMAK@?$AAk?$AAe?$AAr?$AAn?$AAe?$AAl?$AA3?$AA2@ 0000000140013260     libvcruntime:winapi_downlevel.obj
 0002:00001278       ??_C@_1BA@PFFKHIOG@?$AAa?$AAp?$AAi?$AA?9?$AAm?$AAs?$AA?9@ 0000000140013278     libvcruntime:winapi_downlevel.obj
 0002:00001290       ??_C@_08KNHFBNJ@FlsAlloc@  0000000140013290     libvcruntime:winapi_downlevel.obj
 0002:000012a8       ??_C@_07PEJMOBNF@FlsFree@  00000001400132a8     libvcruntime:winapi_downlevel.obj
 0002:000012b8       ??_C@_0M@GDNOONDI@FlsGetValue@ 00000001400132b8     libvcruntime:winapi_downlevel.obj
 0002:000012d0       ??_C@_0M@JCPCPOEF@FlsSetValue@ 00000001400132d0     libvcruntime:winapi_downlevel.obj
 0002:000012e8       ??_C@_0BM@HCFOFFN@InitializeCriticalSectionEx@ 00000001400132e8     libvcruntime:winapi_downlevel.obj
 0002:000013b0       ??_7exception@std@@6B@     00000001400133b0     libvcruntime:frame.obj
 0002:000013c0       ??_C@_0BC@EOODALEL@Unknown?5exception@ 00000001400133c0     libvcruntime:frame.obj
 0002:000013e0       ??_7bad_exception@std@@6B@ 00000001400133e0     libvcruntime:frame.obj
 0002:000013f0       ??_C@_0O@DPKOEFFH@bad?5exception@ 00000001400133f0     libvcruntime:frame.obj
 0002:00001530       ??_C@_05KGFAIMPG@sqrtf@    0000000140013530     libucrt:sqrtf.obj
 0002:00001540       __acrt_exception_action_table 0000000140013540     libucrt:exception_filter.obj
 0002:00001600       __acrt_signal_action_table_count 0000000140013600     libucrt:exception_filter.obj
 0002:00001608       __acrt_signal_action_first_fpe_index 0000000140013608     libucrt:exception_filter.obj
 0002:00001610       __acrt_signal_action_fpe_count 0000000140013610     libucrt:exception_filter.obj
 0002:00001690       ??_C@_1BI@BGOHAHKC@?$AAm?$AAs?$AAc?$AAo?$AAr?$AAe?$AAe?$AA?4?$AAd?$AAl?$AAl@ 0000000140013690     libucrt:exit.obj
 0002:000016a8       ??_C@_0P@MIGLKIOC@CorExitProcess@ 00000001400136a8     libucrt:exit.obj
 0002:000017e0       __Lcosfarray               00000001400137e0     libucrt:lsincosf_array.obj
 0002:00001810       __Lsinfarray               0000000140013810     libucrt:lsincosf_array.obj
 0002:00001830       __L_2_by_pi_bits           0000000140013830     libucrt:l2_by_pi_bits.obj
 0002:00001980       ??_C@_04LAGPAAHP@sinf@     0000000140013980     libucrt:sincos_special.obj
 0002:00001b18       ??_C@_1M@HPNHIDJI@?$AAj?$AAa?$AA?9?$AAJ?$AAP@ 0000000140013b18     libucrt:mbctype.obj
 0002:00001b28       ??_C@_1M@BIBDDEMK@?$AAz?$AAh?$AA?9?$AAC?$AAN@ 0000000140013b28     libucrt:mbctype.obj
 0002:00001b38       ??_C@_1M@JLOOOEGK@?$AAk?$AAo?$AA?9?$AAK?$AAR@ 0000000140013b38     libucrt:mbctype.obj
 0002:00001b48       ??_C@_1M@CLNBBOPM@?$AAz?$AAh?$AA?9?$AAT?$AAW@ 0000000140013b48     libucrt:mbctype.obj
 0002:00001b60       __lc_time_c                0000000140013b60     libucrt:nlsdata.obj
 0002:00001e20       ??_C@_03KOEHGMDN@Sun@      0000000140013e20     libucrt:nlsdata.obj
 0002:00001e24       ??_C@_03PDAGKDH@Mon@       0000000140013e24     libucrt:nlsdata.obj
 0002:00001e28       ??_C@_03NAGEINEP@Tue@      0000000140013e28     libucrt:nlsdata.obj
 0002:00001e2c       ??_C@_03MHOMLAJA@Wed@      0000000140013e2c     libucrt:nlsdata.obj
 0002:00001e30       ??_C@_03IOFIKPDN@Thu@      0000000140013e30     libucrt:nlsdata.obj
 0002:00001e34       ??_C@_03IDIOELNC@Fri@      0000000140013e34     libucrt:nlsdata.obj
 0002:00001e38       ??_C@_03FEFJNEK@Sat@       0000000140013e38     libucrt:nlsdata.obj
 0002:00001e3c       ??_C@_06OOPIFAJ@Sunday@    0000000140013e3c     libucrt:nlsdata.obj
 0002:00001e44       ??_C@_06JLEDEDGH@Monday@   0000000140013e44     libucrt:nlsdata.obj
 0002:00001e50       ??_C@_07BAAGCFCM@Tuesday@  0000000140013e50     libucrt:nlsdata.obj
 0002:00001e58       ??_C@_09DLIGFAKA@Wednesday@ 0000000140013e58     libucrt:nlsdata.obj
 0002:00001e68       ??_C@_08HACCIKIA@Thursday@ 0000000140013e68     libucrt:nlsdata.obj
 0002:00001e74       ??_C@_06JECMNKMI@Friday@   0000000140013e74     libucrt:nlsdata.obj
 0002:00001e80       ??_C@_08INBOOONO@Saturday@ 0000000140013e80     libucrt:nlsdata.obj
 0002:00001e8c       ??_C@_03JIHJHPIE@Jan@      0000000140013e8c     libucrt:nlsdata.obj
 0002:00001e90       ??_C@_03HJBDCHOM@Feb@      0000000140013e90     libucrt:nlsdata.obj
 0002:00001e94       ??_C@_03ODNJBKGA@Mar@      0000000140013e94     libucrt:nlsdata.obj
 0002:00001e98       ??_C@_03LEOLGMJP@Apr@      0000000140013e98     libucrt:nlsdata.obj
 0002:00001e9c       ??_C@_03CNMDKL@May@        0000000140013e9c     libucrt:nlsdata.obj
 0002:00001ea0       ??_C@_03IDFGHECI@Jun@      0000000140013ea0     libucrt:nlsdata.obj
 0002:00001ea4       ??_C@_03LBGABGKK@Jul@      0000000140013ea4     libucrt:nlsdata.obj
 0002:00001ea8       ??_C@_03IFJFEIGA@Aug@      0000000140013ea8     libucrt:nlsdata.obj
 0002:00001eac       ??_C@_03GGCAPAJC@Sep@      0000000140013eac     libucrt:nlsdata.obj
 0002:00001eb0       ??_C@_03BMAOKBAD@Oct@      0000000140013eb0     libucrt:nlsdata.obj
 0002:00001eb4       ??_C@_03JPJOFNIA@Nov@      0000000140013eb4     libucrt:nlsdata.obj
 0002:00001eb8       ??_C@_03MKABNOCG@Dec@      0000000140013eb8     libucrt:nlsdata.obj
 0002:00001ec0       ??_C@_07CGJPFGJA@January@  0000000140013ec0     libucrt:nlsdata.obj
 0002:00001ec8       ??_C@_08GNJGEPFN@February@ 0000000140013ec8     libucrt:nlsdata.obj
 0002:00001ed4       ??_C@_05HPCKOFNC@March@    0000000140013ed4     libucrt:nlsdata.obj
 0002:00001edc       ??_C@_05DMJDNLEJ@April@    0000000140013edc     libucrt:nlsdata.obj
 0002:00001ee4       ??_C@_04CNLMGBGM@June@     0000000140013ee4     libucrt:nlsdata.obj
 0002:00001eec       ??_C@_04MIEPOIFP@July@     0000000140013eec     libucrt:nlsdata.obj
 0002:00001ef4       ??_C@_06LBBHFDDG@August@   0000000140013ef4     libucrt:nlsdata.obj
 0002:00001f00       ??_C@_09BHHEALKD@September@ 0000000140013f00     libucrt:nlsdata.obj
 0002:00001f10       ??_C@_07JJNFCEND@October@  0000000140013f10     libucrt:nlsdata.obj
 0002:00001f18       ??_C@_08HCHEGEOA@November@ 0000000140013f18     libucrt:nlsdata.obj
 0002:00001f28       ??_C@_08EDHMEBNP@December@ 0000000140013f28     libucrt:nlsdata.obj
 0002:00001f34       ??_C@_02DEDBPAFC@AM@       0000000140013f34     libucrt:nlsdata.obj
 0002:00001f38       ??_C@_02CJNFDJBF@PM@       0000000140013f38     libucrt:nlsdata.obj
 0002:00001f40       ??_C@_08BPBNCDIB@MM?1dd?1yy@ 0000000140013f40     libucrt:nlsdata.obj
 0002:00001f50       ??_C@_0BE@CKGJFCPC@dddd?0?5MMMM?5dd?0?5yyyy@ 0000000140013f50     libucrt:nlsdata.obj
 0002:00001f68       ??_C@_08JCCMCCIL@HH?3mm?3ss@ 0000000140013f68     libucrt:nlsdata.obj
 0002:00001f78       ??_C@_17MBGCMIPB@?$AAS?$AAu?$AAn@ 0000000140013f78     libucrt:nlsdata.obj
 0002:00001f80       ??_C@_17KBOMKBF@?$AAM?$AAo?$AAn@ 0000000140013f80     libucrt:nlsdata.obj
 0002:00001f88       ??_C@_17BMKGEGOJ@?$AAT?$AAu?$AAe@ 0000000140013f88     libucrt:nlsdata.obj
 0002:00001f90       ??_C@_17CJEDCEPE@?$AAW?$AAe?$AAd@ 0000000140013f90     libucrt:nlsdata.obj
 0002:00001f98       ??_C@_17PDPHAADD@?$AAT?$AAh?$AAu@ 0000000140013f98     libucrt:nlsdata.obj
 0002:00001fa0       ??_C@_17HFOLPPLP@?$AAF?$AAr?$AAi@ 0000000140013fa0     libucrt:nlsdata.obj
 0002:00001fa8       ??_C@_17GGIBDPIH@?$AAS?$AAa?$AAt@ 0000000140013fa8     libucrt:nlsdata.obj
 0002:00001fb0       ??_C@_1O@IHNHDHPB@?$AAS?$AAu?$AAn?$AAd?$AAa?$AAy@ 0000000140013fb0     libucrt:nlsdata.obj
 0002:00001fc0       ??_C@_1O@MMNBFLIA@?$AAM?$AAo?$AAn?$AAd?$AAa?$AAy@ 0000000140013fc0     libucrt:nlsdata.obj
 0002:00001fd0       ??_C@_1BA@ENFBFFEK@?$AAT?$AAu?$AAe?$AAs?$AAd?$AAa?$AAy@ 0000000140013fd0     libucrt:nlsdata.obj
 0002:00001fe0       ??_C@_1BE@EBOGMDOH@?$AAW?$AAe?$AAd?$AAn?$AAe?$AAs?$AAd?$AAa?$AAy@ 0000000140013fe0     libucrt:nlsdata.obj
 0002:00001ff8       ??_C@_1BC@HHMNLIHE@?$AAT?$AAh?$AAu?$AAr?$AAs?$AAd?$AAa?$AAy@ 0000000140013ff8     libucrt:nlsdata.obj
 0002:00002010       ??_C@_1O@PDICJHAG@?$AAF?$AAr?$AAi?$AAd?$AAa?$AAy@ 0000000140014010     libucrt:nlsdata.obj
 0002:00002020       ??_C@_1BC@ENMNNPAJ@?$AAS?$AAa?$AAt?$AAu?$AAr?$AAd?$AAa?$AAy@ 0000000140014020     libucrt:nlsdata.obj
 0002:00002038       ??_C@_17DKNBKCHM@?$AAJ?$AAa?$AAn@ 0000000140014038     libucrt:nlsdata.obj
 0002:00002040       ??_C@_17LMDJEKJN@?$AAF?$AAe?$AAb@ 0000000140014040     libucrt:nlsdata.obj
 0002:00002048       ??_C@_17CKNLEDEC@?$AAM?$AAa?$AAr@ 0000000140014048     libucrt:nlsdata.obj
 0002:00002050       ??_C@_17LFPOIHDD@?$AAA?$AAp?$AAr@ 0000000140014050     libucrt:nlsdata.obj
 0002:00002058       ??_C@_17PNNKMEED@?$AAM?$AAa?$AAy@ 0000000140014058     libucrt:nlsdata.obj
 0002:00002060       ??_C@_17KCJGOCPB@?$AAJ?$AAu?$AAn@ 0000000140014060     libucrt:nlsdata.obj
 0002:00002068       ??_C@_17IJPCKHK@?$AAJ?$AAu?$AAl@ 0000000140014068     libucrt:nlsdata.obj
 0002:00002070       ??_C@_17ICPELBCN@?$AAA?$AAu?$AAg@ 0000000140014070     libucrt:nlsdata.obj
 0002:00002078       ??_C@_17HCHCOKMG@?$AAS?$AAe?$AAp@ 0000000140014078     libucrt:nlsdata.obj
 0002:00002080       ??_C@_17FNLKOI@?$AAO?$AAc?$AAt@ 0000000140014080     libucrt:nlsdata.obj
 0002:00002088       ??_C@_17BBDMLCIG@?$AAN?$AAo?$AAv@ 0000000140014088     libucrt:nlsdata.obj
 0002:00002090       ??_C@_17EGKACKIF@?$AAD?$AAe?$AAc@ 0000000140014090     libucrt:nlsdata.obj
 0002:00002098       ??_C@_1BA@EFMEIEBA@?$AAJ?$AAa?$AAn?$AAu?$AAa?$AAr?$AAy@ 0000000140014098     libucrt:nlsdata.obj
 0002:000020a8       ??_C@_1BC@JGDDFFAM@?$AAF?$AAe?$AAb?$AAr?$AAu?$AAa?$AAr?$AAy@ 00000001400140a8     libucrt:nlsdata.obj
 0002:000020c0       ??_C@_1M@IKEENEDF@?$AAM?$AAa?$AAr?$AAc?$AAh@ 00000001400140c0     libucrt:nlsdata.obj
 0002:000020d0       ??_C@_1M@GJNLMHFD@?$AAA?$AAp?$AAr?$AAi?$AAl@ 00000001400140d0     libucrt:nlsdata.obj
 0002:000020e0       ??_C@_19EPFLPGAP@?$AAJ?$AAu?$AAn?$AAe@ 00000001400140e0     libucrt:nlsdata.obj
 0002:000020f0       ??_C@_19BIFMLPCD@?$AAJ?$AAu?$AAl?$AAy@ 00000001400140f0     libucrt:nlsdata.obj
 0002:00002100       ??_C@_1O@PAHLKOAC@?$AAA?$AAu?$AAg?$AAu?$AAs?$AAt@ 0000000140014100     libucrt:nlsdata.obj
 0002:00002110       ??_C@_1BE@DKAAMBJL@?$AAS?$AAe?$AAp?$AAt?$AAe?$AAm?$AAb?$AAe?$AAr@ 0000000140014110     libucrt:nlsdata.obj
 0002:00002128       ??_C@_1BA@EPANDLNG@?$AAO?$AAc?$AAt?$AAo?$AAb?$AAe?$AAr@ 0000000140014128     libucrt:nlsdata.obj
 0002:00002138       ??_C@_1BC@BGLIFPF@?$AAN?$AAo?$AAv?$AAe?$AAm?$AAb?$AAe?$AAr@ 0000000140014138     libucrt:nlsdata.obj
 0002:00002150       ??_C@_1BC@FEMKIFH@?$AAD?$AAe?$AAc?$AAe?$AAm?$AAb?$AAe?$AAr@ 0000000140014150     libucrt:nlsdata.obj
 0002:00002164       ??_C@_15ODEHAHHF@?$AAA?$AAM@ 0000000140014164     libucrt:nlsdata.obj
 0002:0000216c       ??_C@_15CLMNNGEL@?$AAP?$AAM@ 000000014001416c     libucrt:nlsdata.obj
 0002:00002178       ??_C@_1BC@IEBCMHCM@?$AAM?$AAM?$AA?1?$AAd?$AAd?$AA?1?$AAy?$AAy@ 0000000140014178     libucrt:nlsdata.obj
 0002:00002190       ??_C@_1CI@KNAKOEBC@?$AAd?$AAd?$AAd?$AAd?$AA?0?$AA?5?$AAM?$AAM?$AAM?$AAM?$AA?5?$AAd?$AAd?$AA?0?$AA?5@ 0000000140014190     libucrt:nlsdata.obj
 0002:000021b8       ??_C@_1BC@GDGBMEMK@?$AAH?$AAH?$AA?3?$AAm?$AAm?$AA?3?$AAs?$AAs@ 00000001400141b8     libucrt:nlsdata.obj
 0002:000021d0       ??_C@_1M@BMHNFIME@?$AAe?$AAn?$AA?9?$AAU?$AAS@ 00000001400141d0     libucrt:nlsdata.obj
 0002:000021e0       __newctype                 00000001400141e0     libucrt:ctype.obj
 0002:000024e0       __newclmap                 00000001400144e0     libucrt:ctype.obj
 0002:00002660       __newcumap                 0000000140014660     libucrt:ctype.obj
 0002:000027e0       ??_C@_15PJPFLCCM@?$AAu?$AAk@ 00000001400147e0     libucrt:get_qualified_locale.obj
 0002:000028a0       ??_C@_1EA@JGEFHKEI@?$AAa?$AAp?$AAi?$AA?9?$AAm?$AAs?$AA?9?$AAw?$AAi?$AAn?$AA?9?$AAc?$AAo?$AAr?$AAe@ 00000001400148a0     libucrt:winapi_thunks.obj
 0002:000028e0       ??_C@_1DI@KMEPCBPN@?$AAa?$AAp?$AAi?$AA?9?$AAm?$AAs?$AA?9?$AAw?$AAi?$AAn?$AA?9?$AAc?$AAo?$AAr?$AAe@ 00000001400148e0     libucrt:winapi_thunks.obj
 0002:00002918       ??_C@_1DI@IJCEHOCB@?$AAa?$AAp?$AAi?$AA?9?$AAm?$AAs?$AA?9?$AAw?$AAi?$AAn?$AA?9?$AAc?$AAo?$AAr?$AAe@ 0000000140014918     libucrt:winapi_thunks.obj
 0002:00002950       ??_C@_1EI@MPIAOHOC@?$AAa?$AAp?$AAi?$AA?9?$AAm?$AAs?$AA?9?$AAw?$AAi?$AAn?$AA?9?$AAc?$AAo?$AAr?$AAe@ 0000000140014950     libucrt:winapi_thunks.obj
 0002:000029a0       ??_C@_1FK@FPHCKFIE@?$AAa?$AAp?$AAi?$AA?9?$AAm?$AAs?$AA?9?$AAw?$AAi?$AAn?$AA?9?$AAc?$AAo?$AAr?$AAe@ 00000001400149a0     libucrt:winapi_thunks.obj
 0002:00002a00       ??_C@_1EM@DILCGIIO@?$AAa?$AAp?$AAi?$AA?9?$AAm?$AAs?$AA?9?$AAw?$AAi?$AAn?$AA?9?$AAc?$AAo?$AAr?$AAe@ 0000000140014a00     libucrt:winapi_thunks.obj
 0002:00002a50       ??_C@_1DM@LNCGDDPN@?$AAa?$AAp?$AAi?$AA?9?$AAm?$AAs?$AA?9?$AAw?$AAi?$AAn?$AA?9?$AAc?$AAo?$AAr?$AAe@ 0000000140014a50     libucrt:winapi_thunks.obj
 0002:00002a90       ??_C@_1DO@FPAPJEMD@?$AAa?$AAp?$AAi?$AA?9?$AAm?$AAs?$AA?9?$AAw?$AAi?$AAn?$AA?9?$AAc?$AAo?$AAr?$AAe@ 0000000140014a90     libucrt:winapi_thunks.obj
 0002:00002ad0       ??_C@_1DK@NDHNAHIO@?$AAa?$AAp?$AAi?$AA?9?$AAm?$AAs?$AA?9?$AAw?$AAi?$AAn?$AA?9?$AAc?$AAo?$AAr?$AAe@ 0000000140014ad0     libucrt:winapi_thunks.obj
 0002:00002b10       ??_C@_1DM@KGHDGBCM@?$AAa?$AAp?$AAi?$AA?9?$AAm?$AAs?$AA?9?$AAw?$AAi?$AAn?$AA?9?$AAc?$AAo?$AAr?$AAe@ 0000000140014b10     libucrt:winapi_thunks.obj
 0002:00002b50       ??_C@_1EO@IJIOEFOH@?$AAa?$AAp?$AAi?$AA?9?$AAm?$AAs?$AA?9?$AAw?$AAi?$AAn?$AA?9?$AAr?$AAt?$AAc?$AAo@ 0000000140014b50     libucrt:winapi_thunks.obj
 0002:00002ba0       ??_C@_1FG@HHGEKANL@?$AAa?$AAp?$AAi?$AA?9?$AAm?$AAs?$AA?9?$AAw?$AAi?$AAn?$AA?9?$AAs?$AAe?$AAc?$AAu@ 0000000140014ba0     libucrt:winapi_thunks.obj
 0002:00002c00       ??_C@_1EG@DBIOJECG@?$AAe?$AAx?$AAt?$AA?9?$AAm?$AAs?$AA?9?$AAw?$AAi?$AAn?$AA?9?$AAn?$AAt?$AAu?$AAs@ 0000000140014c00     libucrt:winapi_thunks.obj
 0002:00002c50       ??_C@_1EO@FIHMJCLF@?$AAe?$AAx?$AAt?$AA?9?$AAm?$AAs?$AA?9?$AAw?$AAi?$AAn?$AA?9?$AAn?$AAt?$AAu?$AAs@ 0000000140014c50     libucrt:winapi_thunks.obj
 0002:00002ca0       ??_C@_1BC@DNHGCMLG@?$AAa?$AAd?$AAv?$AAa?$AAp?$AAi?$AA3?$AA2@ 0000000140014ca0     libucrt:winapi_thunks.obj
 0002:00002cb8       ??_C@_1BG@CJPGBMEF@?$AAk?$AAe?$AAr?$AAn?$AAe?$AAl?$AAb?$AAa?$AAs?$AAe@ 0000000140014cb8     libucrt:winapi_thunks.obj
 0002:00002cd0       ??_C@_1M@OAIMIKLP@?$AAn?$AAt?$AAd?$AAl?$AAl@ 0000000140014cd0     libucrt:winapi_thunks.obj
 0002:00002ce0       ??_C@_1EG@DPGNFKGC@?$AAa?$AAp?$AAi?$AA?9?$AAm?$AAs?$AA?9?$AAw?$AAi?$AAn?$AA?9?$AAa?$AAp?$AAp?$AAm@ 0000000140014ce0     libucrt:winapi_thunks.obj
 0002:00002d28       ??_C@_1O@BCCLBEOE@?$AAu?$AAs?$AAe?$AAr?$AA3?$AA2@ 0000000140014d28     libucrt:winapi_thunks.obj
 0002:00002d38       ??_C@_1BA@IAIFMGEF@?$AAe?$AAx?$AAt?$AA?9?$AAm?$AAs?$AA?9@ 0000000140014d38     libucrt:winapi_thunks.obj
 0002:00002d50       ??_C@_0BA@FHFNEAED@AreFileApisANSI@ 0000000140014d50     libucrt:winapi_thunks.obj
 0002:00002d70       ??_C@_0O@KKBNKAPF@LCMapStringEx@ 0000000140014d70     libucrt:winapi_thunks.obj
 0002:00002d88       ??_C@_0BB@HBDEELFH@LocaleNameToLCID@ 0000000140014d88     libucrt:winapi_thunks.obj
 0002:00002da0       ??_C@_0CF@OJOFEIGO@AppPolicyGetProcessTerminationM@ 0000000140014da0     libucrt:winapi_thunks.obj
 0002:00002dc8       ??_C@_05HGHHAHAP@log10@    0000000140014dc8     libucrt:fpexcept.obj
 0002:00003c10       ??_C@_15EMKDOKLE@?$AAa?$AAr@ 0000000140015c10     libucrt:lcidtoname_downlevel.obj
 0002:00003c18       ??_C@_15KNPADPLH@?$AAb?$AAg@ 0000000140015c18     libucrt:lcidtoname_downlevel.obj
 0002:00003c20       ??_C@_15EDMHLDMO@?$AAc?$AAa@ 0000000140015c20     libucrt:lcidtoname_downlevel.obj
 0002:00003c28       ??_C@_1O@BPEAJADD@?$AAz?$AAh?$AA?9?$AAC?$AAH?$AAS@ 0000000140015c28     libucrt:lcidtoname_downlevel.obj
 0002:00003c38       ??_C@_15LJNHCMNK@?$AAc?$AAs@ 0000000140015c38     libucrt:lcidtoname_downlevel.obj
 0002:00003c40       ??_C@_15FOMCIDHG@?$AAd?$AAa@ 0000000140015c40     libucrt:lcidtoname_downlevel.obj
 0002:00003c48       ??_C@_15NBKABECB@?$AAd?$AAe@ 0000000140015c48     libucrt:lcidtoname_downlevel.obj
 0002:00003c50       ??_C@_15GHPEIIAO@?$AAe?$AAl@ 0000000140015c50     libucrt:lcidtoname_downlevel.obj
 0002:00003c58       ??_C@_15MNPNEAIF@?$AAe?$AAn@ 0000000140015c58     libucrt:lcidtoname_downlevel.obj
 0002:00003c60       ??_C@_15GPIOMPMH@?$AAe?$AAs@ 0000000140015c60     libucrt:lcidtoname_downlevel.obj
 0002:00003c68       ??_C@_15NGLOAKJC@?$AAf?$AAi@ 0000000140015c68     libucrt:lcidtoname_downlevel.obj
 0002:00003c70       ??_C@_15FBKGNKAM@?$AAf?$AAr@ 0000000140015c70     libucrt:lcidtoname_downlevel.obj
 0002:00003c78       ??_C@_15KGGCNEFK@?$AAh?$AAe@ 0000000140015c78     libucrt:lcidtoname_downlevel.obj
 0002:00003c80       ??_C@_15PGHLIDMF@?$AAh?$AAu@ 0000000140015c80     libucrt:lcidtoname_downlevel.obj
 0002:00003c88       ??_C@_15BIEMAPLM@?$AAi?$AAs@ 0000000140015c88     libucrt:lcidtoname_downlevel.obj
[...]
 0002:00008bb8       $unwind$_handle_error      000000014001abb8     libucrt:libm_error.obj
 0002:00008bb8       $unwind$_handle_errorf     000000014001abb8     libucrt:libm_error.obj
 0002:00008bd8       $unwind$_free_base         000000014001abd8     libucrt:free_base.obj
 0002:00008bd8       $unwind$?destroy_fls@@YAXPEAX@Z 000000014001abd8     libucrt:per_thread_data.obj
 0002:00008bd8       $unwind$__acrt_locale_free_numeric 000000014001abd8     libucrt:initnum.obj
 0002:00008bd8       $unwind$__acrt_locale_free_lc_time_if_unreferenced 000000014001abd8     libucrt:locale_refcounting.obj
 0002:00008be0       $unwind$?construct_ptd_array@@YAXQEAU__acrt_ptd@@@Z 000000014001abe0     libucrt:per_thread_data.obj
 0002:00008be8       $unwind$?destroy_ptd_array@@YAXQEAU__acrt_ptd@@@Z 000000014001abe8     libucrt:per_thread_data.obj
 0002:00008bf0       $unwind$??$?RV<lambda_0ae27a3a962d80f24befdcbee591983d>@@AEAV<lambda_8d0ee55de4b1038c4002e0adecdf1839>@@V<lambda_dc504788e8f1664fe9b84e20bfb512f2>@@@?$__crt_seh_guarded_call@X@@QEAAX$$QEAV<lambda_0ae27a3a962d80f24befdcbee591983d>@@AEAV<lambda_8d0ee55de4b1038c4002e0adecdf1839>@@$$QEAV<lambda_dc504788e8f1664fe9b84e20bfb512f2>@@@Z 000000014001abf0     libucrt:per_thread_data.obj
 0002:00008c14       $unwind$??$?RV<lambda_aa87e3671a710a21b5dc78c0bdf72e11>@@AEAV<lambda_92619d2358a28f41a33ba319515a20b9>@@V<lambda_6992ecaafeb10aed2b74cb1fae11a551>@@@?$__crt_seh_guarded_call@X@@QEAAX$$QEAV<lambda_aa87e3671a710a21b5dc78c0bdf72e11>@@AEAV<lambda_92619d2358a28f41a33ba319515a20b9>@@$$QEAV<lambda_6992ecaafeb10aed2b74cb1fae11a551>@@@Z 000000014001ac14     libucrt:per_thread_data.obj
 0002:00008c38       $unwind$??$?RV<lambda_f2e299630e499de9f9a165e60fcd3db5>@@AEAV<lambda_2ae9d31cdba2644fcbeaf08da7c24588>@@V<lambda_40d01ff24d0e7b3814fdbdcee8eab3c7>@@@?$__crt_seh_guarded_call@X@@QEAAX$$QEAV<lambda_f2e299630e499de9f9a165e60fcd3db5>@@AEAV<lambda_2ae9d31cdba2644fcbeaf08da7c24588>@@$$QEAV<lambda_40d01ff24d0e7b3814fdbdcee8eab3c7>@@@Z 000000014001ac38     libucrt:per_thread_data.obj
 0002:00008c5c       $unwind$??$?RV<lambda_2d41944a1d46af3157314b8a01080d33>@@AEAV<lambda_8f455de75cd7d7f24b4096f044d8b9e6>@@V<lambda_aa500f224e6afead328df44964fe2772>@@@?$__crt_seh_guarded_call@X@@QEAAX$$QEAV<lambda_2d41944a1d46af3157314b8a01080d33>@@AEAV<lambda_8f455de75cd7d7f24b4096f044d8b9e6>@@$$QEAV<lambda_aa500f224e6afead328df44964fe2772>@@@Z 000000014001ac5c     libucrt:per_thread_data.obj
 0002:00008c80       $unwind$_invalid_parameter_noinfo 000000014001ac80     libucrt:invalid_parameter.obj
 0002:00008c80       $unwind$_log10_special     000000014001ac80     libucrt:log_special.obj
 0002:00008c88       $unwind$__acrt_call_reportfault 000000014001ac88     libucrt:invalid_parameter.obj
 0002:00008ca8       $unwind$??$common_lseek_nolock@_J@@YA_JH_JHAEAV__crt_cached_ptd_host@@@Z 000000014001aca8     libucrt:lseek.obj
 0002:00008ca8       $unwind$_invalid_parameter_internal 000000014001aca8     libucrt:invalid_parameter.obj
 0002:00008cbc       $unwind$?get_raw_ptd_noexit@__crt_cached_ptd_host@@QEAAPEAU__acrt_ptd@@XZ 000000014001acbc     libucrt:invalid_parameter.obj
 0002:00008ccc       $unwind$_invalid_parameter 000000014001accc     libucrt:invalid_parameter.obj
 0002:00008cd8       $unwind$??$common_expand_argv_wildcards@D@@YAHQEAPEADQEAPEAPEAD@Z 000000014001acd8     libucrt:argv_wildcards.obj
 0002:00008cf0       $unwind$__dcrt_get_narrow_environment_from_os 000000014001acf0     libucrt:get_environment_from_os.obj
 0002:00008cf0       $unwind$??$__acrt_convert_wcs_mbs_cp@_WDV<lambda_d8593a27d1aa8c02be35c86a17d324c4>@@U__crt_win32_buffer_internal_dynamic_resizing@@@@YAHQEB_WAEAV?$__crt_win32_buffer@DU__crt_win32_buffer_internal_dynamic_resizing@@@@AEBV<lambda_d8593a27d1aa8c02be35c86a17d324c4>@@I@Z 000000014001acf0     libucrt:argv_wildcards.obj
 0002:00008d08       $unwind$??$copy_and_add_argument_to_buffer@D@@YAHQEBD0_KAEAV?$argument_list@D@?A0x5f5c8891@@@Z 000000014001ad08     libucrt:argv_wildcards.obj
 0002:00008d24       $unwind$??$expand_argument_wildcards@D@@YAHQEAD0AEAV?$argument_list@D@?A0x5f5c8891@@@Z 000000014001ad24     libucrt:argv_wildcards.obj
 0002:00008d44       $unwind$__acrt_GetModuleFileNameA 000000014001ad44     libucrt:getmodulefilenamea.obj
 0002:00008d60       $unwind$__dcrt_write_console 000000014001ad60     libucrt:initcon.obj
 0002:00008d60       $unwind$??$__acrt_convert_wcs_mbs_cp@_WDV<lambda_f788ae46380686e8b737efdd8c720d07>@@U__crt_win32_buffer_no_resizing@@@@YAHQEB_WAEAV?$__crt_win32_buffer@DU__crt_win32_buffer_no_resizing@@@@AEBV<lambda_f788ae46380686e8b737efdd8c720d07>@@I@Z 000000014001ad60     libucrt:getmodulefilenamea.obj
 0002:00008d74       $unwind$_setmbcp_nolock    000000014001ad74     libucrt:mbctype.obj
 0002:00008d94       $unwind$__dcrt_lowio_ensure_console_output_initialized 000000014001ad94     libucrt:initcon.obj
 0002:00008d94       $unwind$?__mbrtowc_utf8@__crt_mbstring@@YA_KPEA_WPEBD_KPEAU_Mbstatet@@AEAV__crt_cached_ptd_host@@@Z 000000014001ad94     libucrt:mbrtowc.obj
 0002:00008d94       $unwind$?getSystemCP@@YAHH@Z 000000014001ad94     libucrt:mbctype.obj
 0002:00008d9c       $unwind$?update_thread_multibyte_data_internal@@YAPEAU__crt_multibyte_data@@QEAU__acrt_ptd@@QEAPEAU1@@Z 000000014001ad9c     libucrt:mbctype.obj
 0002:00008dc4       $unwind$?setmbcp_internal@@YAHH_NQEAU__acrt_ptd@@QEAPEAU__crt_multibyte_data@@@Z 000000014001adc4     libucrt:mbctype.obj
 0002:00008ddc       $unwind$?setSBUpLow@@YAXPEAU__crt_multibyte_data@@@Z 000000014001addc     libucrt:mbctype.obj
 0002:00008df8       $unwind$??$?RV<lambda_efdfa57d1f175319df784efa44bb7b81>@@AEAV<lambda_5f0a4c1567f8adc6734073e5d1e1b35c>@@V<lambda_2e8a7d3640ea6ccb4c2413664c2db6fd>@@@?$__crt_seh_guarded_call@X@@QEAAX$$QEAV<lambda_efdfa57d1f175319df784efa44bb7b81>@@AEAV<lambda_5f0a4c1567f8adc6734073e5d1e1b35c>@@$$QEAV<lambda_2e8a7d3640ea6ccb4c2413664c2db6fd>@@@Z 000000014001adf8     libucrt:mbctype.obj
 0002:00008e1c       $unwind$?x_ismbbtype_l@@YAHPEAU__crt_locale_pointers@@IHH@Z 000000014001ae1c     libucrt:ismbbyte.obj
 0002:00008e2c       $unwind$__acrt_WideCharToMultiByte 000000014001ae2c     libucrt:widechartomultibyte.obj
 0002:00008e38       $unwind$__acrt_lowio_destroy_handle_array 000000014001ae38     libucrt:osfinfo.obj
 0002:00008e48       $unwind$__acrt_lowio_ensure_fh_exists 000000014001ae48     libucrt:osfinfo.obj
 0002:00008e74       $unwind$__acrt_initialize_lowio 000000014001ae74     libucrt:ioinit.obj
 0002:00008e94       $unwind$?initialize_inherited_file_handles_nolock@@YAXXZ 000000014001ae94     libucrt:ioinit.obj
 0002:00008eb0       $unwind$__acrt_locale_free_monetary 000000014001aeb0     libucrt:initmon.obj
 0002:00008eb8       $unwind$__acrt_locale_free_time 000000014001aeb8     libucrt:inittime.obj
 0002:00008ec8       $unwind$__acrt_GetStringTypeA 000000014001aec8     libucrt:getstringtypea.obj
 0002:00008ef0       $unwind$__acrt_update_thread_locale_data 000000014001aef0     libucrt:locale_refcounting.obj
 0002:00008f14       $unwind$__acrt_initialize_winapi_thunks 000000014001af14     libucrt:winapi_thunks.obj
 0002:00008f1c       $unwind$__acrt_LCMapStringEx 000000014001af1c     libucrt:winapi_thunks.obj
 0002:00008f30       $unwind$_query_new_handler 000000014001af30     libucrt:new_handler.obj
 0002:00008f50       $unwind$raise              000000014001af50     libucrt:signal.obj
 0002:00008f90       $unwind$??$?RV<lambda_450d765d439847d4c735a33c368b5fc0>@@AEAV<lambda_44731a7d0e6d81c3e6aa82d741081786>@@V<lambda_601a2a7da3b7a96e9554ac7215c4b07c>@@@?$__crt_seh_guarded_call@P6AXH@Z@@QEAAP6AXH@Z$$QEAV<lambda_450d765d439847d4c735a33c368b5fc0>@@AEAV<lambda_44731a7d0e6d81c3e6aa82d741081786>@@$$QEAV<lambda_601a2a7da3b7a96e9554ac7215c4b07c>@@@Z 000000014001af90     libucrt:signal.obj
 0002:00008fb4       $unwind$fclose             000000014001afb4     libucrt:fclose.obj
 0002:00008fb4       $unwind$_fflush_nolock     000000014001afb4     libucrt:fflush.obj
 0002:00008fc4       $unwind$?common_flush_all@@YAH_N@Z 000000014001afc4     libucrt:fflush.obj
 0002:00008fcc       $unwind$??$?RV<lambda_842d9ff0dc9ef11c61343bbaebe7f885>@@AEAV<lambda_c5860995281e5c4ce005b3de8f5874ee>@@V<lambda_d90129c13df834fdcbf8d2b88dafcf2d>@@@?$__crt_seh_guarded_call@X@@QEAAX$$QEAV<lambda_842d9ff0dc9ef11c61343bbaebe7f885>@@AEAV<lambda_c5860995281e5c4ce005b3de8f5874ee>@@$$QEAV<lambda_d90129c13df834fdcbf8d2b88dafcf2d>@@@Z 000000014001afcc     libucrt:fflush.obj
 0002:00008ff0       $unwind$??$?RV<lambda_886d6c58226a84441f68b9f2b8217b83>@@AEAV<lambda_ab61a845afdef5b7c387490eaf3616ee>@@V<lambda_f7f22ab5edc0698d5f6905b0d3f44752>@@@?$__crt_seh_guarded_call@X@@QEAAX$$QEAV<lambda_886d6c58226a84441f68b9f2b8217b83>@@AEAV<lambda_ab61a845afdef5b7c387490eaf3616ee>@@$$QEAV<lambda_f7f22ab5edc0698d5f6905b0d3f44752>@@@Z 000000014001aff0     libucrt:fflush.obj
 0002:00009018       $unwind$_raise_exc         000000014001b018     libucrt:fpexcept.obj
 0002:00009018       $unwind$_raise_excf        000000014001b018     libucrt:fpexcept.obj
 0002:00009020       $unwind$_raise_exc_ex      000000014001b020     libucrt:fpexcept.obj
 0002:00009034       $unwind$_ctrlfp            000000014001b034     libucrt:fpctrl.obj
 0002:0000905c       $unwind$qsort              000000014001b05c     libucrt:qsort.obj
 0002:00009074       $chain$4$qsort             000000014001b074     libucrt:qsort.obj
 0002:00009098       $chain$5$qsort             000000014001b098     libucrt:qsort.obj
 0002:000090a8       $unwind$strpbrk            000000014001b0a8     libucrt:strpbrk.obj
 0002:000090b8       $unwind$fallbackMethod     000000014001b0b8     libucrt:strpbrk.obj
 0002:000090c8       $unwind$_mbsdec_l          000000014001b0c8     libucrt:mbsdec.obj
 0002:000090d4       $unwind$__acrt_LCMapStringA 000000014001b0d4     libucrt:lcmapstringa.obj
 0002:000090e4       $unwind$?__acrt_LCMapStringA_stat@@YAHPEAU__crt_locale_pointers@@PEB_WKPEBDHPEADHHH@Z 000000014001b0e4     libucrt:lcmapstringa.obj
 0002:0000910c       $unwind$_commit            000000014001b10c     libucrt:commit.obj
 0002:00009114       $unwind$??$?RV<lambda_a37b2b86f63e897a80ea819b0eb08c01>@@AEAV<lambda_38ce7e780aa69e748d6df282ebc68efe>@@V<lambda_99fb1378e971ab6e7edea83e3a7a83a2>@@@?$__crt_seh_guarded_call@H@@QEAAH$$QEAV<lambda_a37b2b86f63e897a80ea819b0eb08c01>@@AEAV<lambda_38ce7e780aa69e748d6df282ebc68efe>@@$$QEAV<lambda_99fb1378e971ab6e7edea83e3a7a83a2>@@@Z 000000014001b114     libucrt:commit.obj
 0002:00009138       $unwind$_write_nolock      000000014001b138     libucrt:write.obj
 0002:00009150       $unwind$_write_internal    000000014001b150     libucrt:write.obj
 0002:0000917c       $unwind$_write_internal$fin$0 000000014001b17c     libucrt:write.obj
 0002:0000917c       $unwind$?fin$0@?0??_fclose_internal@@YAHQEAU_iobuf@@AEAV__crt_cached_ptd_host@@@Z@4HA 000000014001b17c     libucrt:fclose.obj
 0002:00009184       $unwind$?write_double_translated_ansi_nolock@@YA?AUwrite_result@?A0x17268360@@HQEBDIAEAV__crt_cached_ptd_host@@@Z 000000014001b184     libucrt:write.obj
 0002:000091b0       $ip2state$?write_double_translated_ansi_nolock@@YA?AUwrite_result@?A0x17268360@@HQEBDIAEAV__crt_cached_ptd_host@@@Z 000000014001b1b0     libucrt:write.obj
 0002:000091b8       $unwind$?write_text_ansi_nolock@@YA?AUwrite_result@?A0x17268360@@HQEBDI@Z 000000014001b1b8     libucrt:write.obj
 0002:000091b8       $unwind$?write_text_utf16le_nolock@@YA?AUwrite_result@?A0x17268360@@HQEBDI@Z 000000014001b1b8     libucrt:write.obj
 0002:000091d8       $unwind$?write_text_utf8_nolock@@YA?AUwrite_result@?A0x17268360@@HQEBDI@Z 000000014001b1d8     libucrt:write.obj
 0002:000091fc       $unwind$_fcloseall         000000014001b1fc     libucrt:closeall.obj
 0002:00009220       $unwind$?__mbsrtowcs_utf8@__crt_mbstring@@YA_KPEA_WPEAPEBD_KPEAU_Mbstatet@@AEAV__crt_cached_ptd_host@@@Z 000000014001b220     libucrt:mbrtowc.obj
 0002:00009238       $xdatasym                  000000014001b238     libucrt:fpsr.obj
 0002:00009240       $unwind$_putwch_nolock     000000014001b240     libucrt:putwch.obj
 0002:00009248       $unwind$?_fclose_nolock_internal@@YAHQEAU_iobuf@@AEAV__crt_cached_ptd_host@@@Z 000000014001b248     libucrt:fclose.obj
 0002:00009258       $unwind$?_fclose_internal@@YAHQEAU_iobuf@@AEAV__crt_cached_ptd_host@@@Z 000000014001b258     libucrt:fclose.obj
 0002:00009280       $xdatasym                  000000014001b280     libucrt:log10.obj
 0002:0000928c       $unwind$?__mbrtoc32_utf8@__crt_mbstring@@YA_KPEA_UPEBD_KPEAU_Mbstatet@@AEAV__crt_cached_ptd_host@@@Z 000000014001b28c     libucrt:mbrtoc32.obj
 0002:000092a8       $unwind$_close_internal    000000014001b2a8     libucrt:close.obj
 0002:000092b0       $unwind$??$?RV<lambda_ad8af0d99a0adf03d037d7dffe354bb5>@@AEAV<lambda_c9ba49e555ba839a7b07aa3fbecb7617>@@V<lambda_2f1ebd5d68526518146ae959c9e734c8>@@@?$__crt_seh_guarded_call@H@@QEAAH$$QEAV<lambda_ad8af0d99a0adf03d037d7dffe354bb5>@@AEAV<lambda_c9ba49e555ba839a7b07aa3fbecb7617>@@$$QEAV<lambda_2f1ebd5d68526518146ae959c9e734c8>@@@Z 000000014001b2b0     libucrt:close.obj
 0002:000092d4       $unwind$_log_special_common 000000014001b2d4     libucrt:log_special.obj
 0002:000092e0       $unwind$_IsNonwritableInCurrentImage 000000014001b2e0     LIBCMT:pesect.obj
 0002:00009308       $xdatasym                  000000014001b308     LIBCMT:chkstk.obj
 0002:00009310       $xdatasym                  000000014001b310     libvcruntime:memcmp.obj
 0002:0000976a       .idata$6                   000000014001b76a     user32:USER32.dll
 0002:00009786       .idata$6                   000000014001b786     gdi32:GDI32.dll
 0002:0000994e       .idata$6                   000000014001b94e     kernel32:KERNEL32.dll
 0003:00000000       global_should_close        000000014001c000     main.obj
 0003:00000008       $SG101721                  000000014001c008     main.obj
 0003:00000018       $SG101723                  000000014001c018     main.obj
 0003:00000030       $SG101909                  000000014001c030     main.obj
 0003:00000048       $SG101990                  000000014001c048     main.obj
 0003:000000a0       ?__vcrt_flsindex@@3KA      000000014001c0a0     libvcruntime:per_thread_data.obj
 0003:000000c0       ?__acrt_flsindex@@3KA      000000014001c0c0     libucrt:per_thread_data.obj
 0003:000000c4       ?errno_no_memory@@3HA      000000014001c0c4     libucrt:errno.obj
 0003:000000c8       ?doserrno_no_memory@@3KA   000000014001c0c8     libucrt:errno.obj
 0003:00000300       _mbctypes                  000000014001c300     libucrt:mbctype.obj
 0003:00000410       _mbcasemaps                000000014001c410     libucrt:mbctype.obj
 0003:00000510       ?__rgctypeflag@@3PADA      000000014001c510     libucrt:mbctype.obj
 0003:00000520       ?__rgcode_page_info@@3PAUcode_page_info@@A 000000014001c520     libucrt:mbctype.obj
 0003:00000938       ?dazSupported@?1??_ctrlfp@@9@9 000000014001c938     libucrt:fpctrl.obj
 0003:00000a40       ?__dcrt_lowio_console_output_handle@@3PEAXEA 000000014001ca40     libucrt:initcon.obj
 0003:00000ac0       global_backbuffer          000000014001cac0     main.obj
 0003:00000b08       global_window              000000014001cb08     main.obj
 0003:00000b28       global_sound_buffer        000000014001cb28     main.obj
 0003:00000b30       GS_ExceptionRecord         000000014001cb30     LIBCMT:gs_report.obj
 0003:00000bd0       GS_ContextRecord           000000014001cbd0     LIBCMT:gs_report.obj
 0003:000010b0       ?is_initialized_as_dll@@3_NA 000000014001d0b0     LIBCMT:utility.obj
 0003:000010b1       ?module_local_atexit_table_initialized@@3_NA 000000014001d0b1     LIBCMT:utility.obj
 0003:000010b8       ?module_local_atexit_table@@3U_onexit_table_t@@A 000000014001d0b8     LIBCMT:utility.obj
 0003:000010d0       ?module_local_at_quick_exit_table@@3U_onexit_table_t@@A 000000014001d0d0     LIBCMT:utility.obj
 0003:00001120       ?__vcrt_startup_thread_ptd@@3U__vcrt_ptd@@A 000000014001d120     libvcruntime:per_thread_data.obj
 0003:000011a0       __vcrt_lock_table          000000014001d1a0     libvcruntime:locks.obj
 0003:000011c8       __vcrt_locks_initialized   000000014001d1c8     libvcruntime:locks.obj
 0003:00001210       ?heap@@3V_HeapManager@@A   000000014001d210     libvcruntime:undname.obj
 0003:00001238       ?module_handles@@3PAPEAUHINSTANCE__@@A 000000014001d238     libvcruntime:winapi_downlevel.obj
 0003:00001250       ?function_pointers@@3PAPEAXA 000000014001d250     libvcruntime:winapi_downlevel.obj
 0003:00001280       ?__acrt_app_type@@3W4_crt_app_type@@A 000000014001d280     libucrt:report_runtime_error.obj
 0003:00001288       ?user_matherr@@3V?$dual_state_global@P6AHPEAU_exception@@@Z@__crt_state_management@@A 000000014001d288     libucrt:matherr.obj
 0003:00001290       ?program_name@?1???$common_configure_argv@D@@YAHW4_crt_argv_mode@@@Z@4PADA 000000014001d290     libucrt:argv_parsing.obj
 0003:000013b8       ?empty_string@?1???$common_wincmdln@E@@YAPEAEXZ@4PAEA 000000014001d3b8     libucrt:argv_winmain.obj
 0003:000013bc       ?c_termination_complete@@3JA 000000014001d3bc     libucrt:exit.obj
 0003:000013c0       ?thread_local_exit_callback_func@@3P6AXPEAXK0@ZEA 000000014001d3c0     libucrt:exit.obj
 0003:000013c8       ?c_exit_complete@?1???R<lambda_6e4b09c48022b2350581041d5f6b0c4c>@@QEBA@XZ@4_NA 000000014001d3c8     libucrt:exit.obj
 0003:000013d0       ?__acrt_global_new_mode@@3V?$dual_state_global@J@__crt_state_management@@A 000000014001d3d0     libucrt:new_mode.obj
 0003:00001410       ?__acrt_invalid_parameter_handler@@3V?$dual_state_global@P6AXPEB_W00I_K@Z@__crt_state_management@@A 000000014001d410     libucrt:invalid_parameter.obj
 0003:00001430       ?fSystemSet@@3HA           000000014001d430     libucrt:mbctype.obj
 0003:00001434       ?initialized@?1??__acrt_initialize_multibyte@@9@4_NA 000000014001d434     libucrt:mbctype.obj
 0003:00001470       ?__acrt_lock_table@@3PAU_RTL_CRITICAL_SECTION@@A 000000014001d470     libucrt:locks.obj
 0003:000016a0       ?__acrt_locks_initialized@@3IA 000000014001d6a0     libucrt:locks.obj
 0003:00001ac0       ?module_handles@@3PAPEAUHINSTANCE__@@A 000000014001dac0     libucrt:winapi_thunks.obj
 0003:00001b70       ?encoded_function_pointers@@3PAPEAXA 000000014001db70     libucrt:winapi_thunks.obj
 0003:00001c78       ?__acrt_new_handler@@3V?$dual_state_global@P6AH_K@Z@__crt_state_management@@A 000000014001dc78     libucrt:new_handler.obj
 0003:00001c80       ?ctrlc_action@@3V?$dual_state_global@P6AXH@Z@__crt_state_management@@A 000000014001dc80     libucrt:signal.obj
 0003:00001c88       ?ctrlbreak_action@@3V?$dual_state_global@P6AXH@Z@__crt_state_management@@A 000000014001dc88     libucrt:signal.obj
 0003:00001c90       ?abort_action@@3V?$dual_state_global@P6AXH@Z@__crt_state_management@@A 000000014001dc90     libucrt:signal.obj
 0003:00001c98       ?term_action@@3V?$dual_state_global@P6AXH@Z@__crt_state_management@@A 000000014001dc98     libucrt:signal.obj
 0003:00001cc0       ?internal_state@?1??_mbtowc_internal@@9@4U_Mbstatet@@A 000000014001dcc0     libucrt:mbtowc.obj
 0003:00001cc8       ?internal_pst@?1??__mbrtoc32_utf8@__crt_mbstring@@YA_KPEA_UPEBD_KPEAU_Mbstatet@@AEAV__crt_cached_ptd_host@@@Z@4U3@A 000000014001dcc8     libucrt:mbrtoc32.obj
 0005:00000000       SetSmall                   0000000140020000     libvcruntime:memset.obj
 0005:00000040       SetSmallYmm                0000000140020040     libvcruntime:memset.obj
 0005:00000064       SetSmallYmmNT              0000000140020064     libvcruntime:memset.obj
 0005:00000088       SetSmallXmm                0000000140020088     libvcruntime:memset.obj
 0005:000000b0       MoveSmall                  00000001400200b0     libvcruntime:memcpy.obj
 0005:000000f0       MoveSmallYmm               00000001400200f0     libvcruntime:memcpy.obj
 0005:00000114       MoveSmallYmmNT             0000000140020114     libvcruntime:memcpy.obj
 0005:00000138       MoveSmallXmm               0000000140020138     libvcruntime:memcpy.obj
